{"alert_id":1,"customer_id":"customer_59","symbol":"ARBUSDT","price":0.119,"threshold":0.11884922,"direction":"above","ingested_at":9592.835074919,"emitted_at":9592.835407838,"latency_ms":0.333}
{"alert_id":2,"customer_id":"customer_76","symbol":"ATOMUSDT","price":1.849,"threshold":1.8494979,"direction":"below","ingested_at":9592.835074919,"emitted_at":9592.835472201,"latency_ms":0.397}
{"alert_id":3,"customer_id":"customer_87","symbol":"AVAXUSDT","price":9.38,"threshold":9.37646331,"direction":"above","ingested_at":9592.835582718,"emitted_at":9592.836195613,"latency_ms":0.613}
{"alert_id":4,"customer_id":"customer_71","symbol":"ATMUSDT","price":1.093,"threshold":1.09258444,"direction":"above","ingested_at":9592.835582718,"emitted_at":9592.836224011,"latency_ms":0.641}
{"alert_id":5,"customer_id":"customer_92","symbol":"AXLUSDT","price":0.0796,"threshold":0.08057141,"direction":"below","ingested_at":9592.835582718,"emitted_at":9592.8362419,"latency_ms":0.659}
{"alert_id":6,"customer_id":"customer_37","symbol":"ALGOUSDT","price":0.1167,"threshold":0.1165081,"direction":"above","ingested_at":9592.835582718,"emitted_at":9592.83624815,"latency_ms":0.665}
{"alert_id":7,"customer_id":"customer_22","symbol":"ACTUSDT","price":0.0164,"threshold":0.0164488,"direction":"below","ingested_at":9592.835582718,"emitted_at":9592.836260165,"latency_ms":0.677}
{"alert_id":8,"customer_id":"customer_53","symbol":"API3USDT","price":0.3708,"threshold":0.37048703,"direction":"above","ingested_at":9592.835582718,"emitted_at":9592.836266851,"latency_ms":0.684}
{"alert_id":9,"customer_id":"customer_51","symbol":"APEUSDT","price":0.1646,"threshold":0.16316122,"direction":"above","ingested_at":9592.835582718,"emitted_at":9592.836274907,"latency_ms":0.692}
{"alert_id":10,"customer_id":"customer_45","symbol":"AMPUSDT","price":0.000883,"threshold":0.00088077,"direction":"above","ingested_at":9593.614771753,"emitted_at":9593.615496409,"latency_ms":0.725}
{"alert_id":11,"customer_id":"customer_3","symbol":"1000CHEEMSUSDT","price":0.000639,"threshold":0.00063794,"direction":"above","ingested_at":9593.614771753,"emitted_at":9593.615645459,"latency_ms":0.874}
{"alert_id":12,"customer_id":"customer_56","symbol":"APTUSDT","price":0.966,"threshold":0.96732113,"direction":"below","ingested_at":9594.60739785,"emitted_at":9594.60758241,"latency_ms":0.185}
{"alert_id":13,"customer_id":"customer_10","symbol":"2ZUSDT","price":0.09202,"threshold":0.09208033,"direction":"below","ingested_at":9594.60739785,"emitted_at":9594.607662832,"latency_ms":0.265}
{"alert_id":14,"customer_id":"customer_8","symbol":"2ZTRY","price":4.163,"threshold":4.16816101,"direction":"below","ingested_at":9594.60739785,"emitted_at":9594.607673653,"latency_ms":0.276}
{"alert_id":15,"customer_id":"customer_26","symbol":"ADAUSDC","price":0.2567,"threshold":0.25679523,"direction":"below","ingested_at":9594.60739785,"emitted_at":9594.607683025,"latency_ms":0.285}
{"alert_id":16,"customer_id":"customer_18","symbol":"ACHUSDT","price":0.00804,"threshold":0.00806951,"direction":"below","ingested_at":9594.60739785,"emitted_at":9594.607696271,"latency_ms":0.298}
{"alert_id":17,"customer_id":"customer_46","symbol":"ANIMEUSDT","price":0.0048,"threshold":0.00480481,"direction":"below","ingested_at":9594.60739785,"emitted_at":9594.607702934,"latency_ms":0.305}
{"alert_id":18,"customer_id":"customer_95","symbol":"AXSUSDT","price":1.345,"threshold":1.34384368,"direction":"above","ingested_at":9595.604095729,"emitted_at":9595.604445147,"latency_ms":0.349}
{"alert_id":19,"customer_id":"customer_38","symbol":"ALICEUSDT","price":0.1502,"threshold":0.15024273,"direction":"below","ingested_at":9595.604095729,"emitted_at":9595.604536827,"latency_ms":0.441}
{"alert_id":20,"customer_id":"customer_31","symbol":"AITRY","price":1.01,"threshold":1.00725014,"direction":"above","ingested_at":9596.604126802,"emitted_at":9596.604438071,"latency_ms":0.311}
{"alert_id":21,"customer_id":"customer_10","symbol":"2ZUSDT","price":0.09201,"threshold":0.09208033,"direction":"below","ingested_at":9598.603203321,"emitted_at":9598.603906348,"latency_ms":0.703}
{"alert_id":22,"customer_id":"customer_29","symbol":"ADXUSDT","price":0.0775,"threshold":0.07743133,"direction":"above","ingested_at":9598.603203321,"emitted_at":9598.604138909,"latency_ms":0.936}
{"alert_id":23,"customer_id":"customer_7","symbol":"1MBABYDOGEUSDT","price":0.0004374,"threshold":0.00043709,"direction":"above","ingested_at":9598.603203321,"emitted_at":9598.604187694,"latency_ms":0.984}
{"alert_id":24,"customer_id":"customer_77","symbol":"ATUSDT","price":0.1702,"threshold":0.17008413,"direction":"above","ingested_at":9599.605569708,"emitted_at":9599.606108986,"latency_ms":0.539}
{"alert_id":25,"customer_id":"customer_61","symbol":"ARKMUSDC","price":0.1218,"threshold":0.12158027,"direction":"above","ingested_at":9599.605569708,"emitted_at":9599.606253863,"latency_ms":0.684}
{"alert_id":26,"customer_id":"customer_34","symbol":"ALCXUSDT","price":5.31,"threshold":5.31585753,"direction":"below","ingested_at":9599.605569708,"emitted_at":9599.606293965,"latency_ms":0.724}
{"alert_id":27,"customer_id":"customer_90","symbol":"AWEUSDT","price":0.05641,"threshold":0.05641732,"direction":"below","ingested_at":9600.604332694,"emitted_at":9600.60484485,"latency_ms":0.512}
{"alert_id":28,"customer_id":"customer_39","symbol":"ALLOTRY","price":5.33,"threshold":5.32559959,"direction":"above","ingested_at":9600.604332694,"emitted_at":9600.604987021,"latency_ms":0.654}
{"alert_id":29,"customer_id":"customer_33","symbol":"AIXBTUSDT","price":0.0344,"threshold":0.03438891,"direction":"above","ingested_at":9601.606676704,"emitted_at":9601.606886623,"latency_ms":0.21}
{"alert_id":30,"customer_id":"customer_73","symbol":"ATOMFDUSD","price":1.849,"threshold":1.8479512,"direction":"above","ingested_at":9603.652559,"emitted_at":9603.653397898,"latency_ms":0.839}
{"alert_id":31,"customer_id":"customer_83","symbol":"AVAXBTC","price":0.0001154,"threshold":0.00011537,"direction":"above","ingested_at":9604.636422408,"emitted_at":9604.63665231,"latency_ms":0.23}
{"alert_id":32,"customer_id":"customer_70","symbol":"ASTRUSDT","price":0.008611,"threshold":0.00861313,"direction":"below","ingested_at":9604.636422408,"emitted_at":9604.636795253,"latency_ms":0.373}
{"alert_id":33,"customer_id":"customer_33","symbol":"AIXBTUSDT","price":0.0344,"threshold":0.03438891,"direction":"above","ingested_at":9605.610660415,"emitted_at":9605.611107387,"latency_ms":0.447}
{"alert_id":34,"customer_id":"customer_16","symbol":"ACEUSDT","price":0.126,"threshold":0.1269257,"direction":"below","ingested_at":9607.605382451,"emitted_at":9607.605990524,"latency_ms":0.608}
{"alert_id":35,"customer_id":"customer_49","symbol":"APETRY","price":7.44,"threshold":7.41333667,"direction":"above","ingested_at":9608.618516681,"emitted_at":9608.618709955,"latency_ms":0.193}
{"alert_id":36,"customer_id":"customer_24","symbol":"ADAJPY","price":40.49,"threshold":40.49341471,"direction":"below","ingested_at":9609.60604986,"emitted_at":9609.606422157,"latency_ms":0.372}
{"alert_id":37,"customer_id":"customer_75","symbol":"ATOMUSDC","price":1.851,"threshold":1.85029636,"direction":"above","ingested_at":9611.60436469,"emitted_at":9611.605033445,"latency_ms":0.669}
{"alert_id":38,"customer_id":"customer_2","symbol":"1000CATUSDT","price":0.00206,"threshold":0.00206299,"direction":"below","ingested_at":9611.60436469,"emitted_at":9611.605167151,"latency_ms":0.802}
{"alert_id":39,"customer_id":"customer_6","symbol":"1000SATSUSDT","price":0.00001497,"threshold":0.00001497,"direction":"below","ingested_at":9614.607085527,"emitted_at":9614.607267946,"latency_ms":0.182}
{"alert_id":40,"customer_id":"customer_38","symbol":"ALICEUSDT","price":0.1502,"threshold":0.15024273,"direction":"below","ingested_at":9615.607749645,"emitted_at":9615.608145907,"latency_ms":0.396}
{"alert_id":41,"customer_id":"customer_30","symbol":"AEVOTRY","price":1.25,"threshold":1.25251206,"direction":"below","ingested_at":9615.607749645,"emitted_at":9615.608287904,"latency_ms":0.538}
{"alert_id":42,"customer_id":"customer_1","symbol":"0GUSDT","price":0.538,"threshold":0.53749384,"direction":"above","ingested_at":9617.605191304,"emitted_at":9617.605895684,"latency_ms":0.704}
{"alert_id":43,"customer_id":"customer_99","symbol":"BANANAS31USDC","price":0.011328,"threshold":0.01123314,"direction":"above","ingested_at":9618.603674023,"emitted_at":9618.603901555,"latency_ms":0.228}
{"alert_id":44,"customer_id":"customer_78","symbol":"AUDIOTRY","price":0.9182,"threshold":0.91934442,"direction":"below","ingested_at":9619.609153216,"emitted_at":9619.609393728,"latency_ms":0.241}
{"alert_id":45,"customer_id":"customer_69","symbol":"ASTERUSDT","price":0.676,"threshold":0.67569834,"direction":"above","ingested_at":9619.609153216,"emitted_at":9619.609535837,"latency_ms":0.383}
{"alert_id":46,"customer_id":"customer_100","symbol":"BANANAS31USDT","price":0.011216,"threshold":0.01124107,"direction":"below","ingested_at":9622.605401313,"emitted_at":9622.605553156,"latency_ms":0.152}
{"alert_id":47,"customer_id":"customer_54","symbol":"APTBTC","price":0.00001188,"threshold":0.00001189,"direction":"below","ingested_at":9622.605401313,"emitted_at":9622.605631516,"latency_ms":0.23}
{"alert_id":48,"customer_id":"customer_41","symbol":"ALLOUSDT","price":0.1178,"threshold":0.11768081,"direction":"above","ingested_at":9622.605401313,"emitted_at":9622.605645579,"latency_ms":0.244}
{"alert_id":49,"customer_id":"customer_99","symbol":"BANANAS31USDC","price":0.011248,"threshold":0.01123314,"direction":"above","ingested_at":9627.611874571,"emitted_at":9627.612135651,"latency_ms":0.261}
{"alert_id":50,"customer_id":"customer_35","symbol":"ALGOTRY","price":5.267,"threshold":5.2649497,"direction":"above","ingested_at":9627.611874571,"emitted_at":9627.612267763,"latency_ms":0.393}
{"alert_id":51,"customer_id":"customer_13","symbol":"AAVEUSDC","price":93.35,"threshold":93.34649893,"direction":"above","ingested_at":9627.611874571,"emitted_at":9627.612307893,"latency_ms":0.433}
{"alert_id":52,"customer_id":"customer_100","symbol":"BANANAS31USDT","price":0.011233,"threshold":0.01124107,"direction":"below","ingested_at":9628.609041272,"emitted_at":9628.609177145,"latency_ms":0.136}
{"alert_id":53,"customer_id":"customer_96","symbol":"BABYTRY","price":0.822,"threshold":0.82265255,"direction":"below","ingested_at":9632.60883367,"emitted_at":9632.609051773,"latency_ms":0.218}
{"alert_id":54,"customer_id":"customer_47","symbol":"ANKRTRY","price":0.2233,"threshold":0.22290279,"direction":"above","ingested_at":9642.628639573,"emitted_at":9642.628821891,"latency_ms":0.182}
{"alert_id":55,"customer_id":"customer_71","symbol":"ATMUSDT","price":1.093,"threshold":1.09258444,"direction":"above","ingested_at":9645.616614722,"emitted_at":9645.616721769,"latency_ms":0.107}
{"alert_id":56,"customer_id":"customer_26","symbol":"ADAUSDC","price":0.2567,"threshold":0.25679523,"direction":"below","ingested_at":9645.616614722,"emitted_at":9645.616791125,"latency_ms":0.176}
{"alert_id":57,"customer_id":"customer_99","symbol":"BANANAS31USDC","price":0.011251,"threshold":0.01123314,"direction":"above","ingested_at":9647.6127534,"emitted_at":9647.613215631,"latency_ms":0.462}
{"alert_id":58,"customer_id":"customer_17","symbol":"ACHTRY","price":0.3646,"threshold":0.36447129,"direction":"above","ingested_at":9648.612579973,"emitted_at":9648.612711038,"latency_ms":0.131}
{"alert_id":59,"customer_id":"customer_57","symbol":"ARBTRY","price":5.38,"threshold":5.37320411,"direction":"above","ingested_at":9649.615608132,"emitted_at":9649.615743199,"latency_ms":0.135}
{"alert_id":60,"customer_id":"customer_27","symbol":"ADAUSDT","price":0.2568,"threshold":0.25672019,"direction":"above","ingested_at":9649.615608132,"emitted_at":9649.615817175,"latency_ms":0.209}
{"alert_id":61,"customer_id":"customer_55","symbol":"APTUSDC","price":0.968,"threshold":0.96739981,"direction":"above","ingested_at":9651.678932883,"emitted_at":9651.679153475,"latency_ms":0.221}
{"alert_id":62,"customer_id":"customer_11","symbol":"AAVEBTC","price":0.001149,"threshold":0.00114839,"direction":"above","ingested_at":9655.658452742,"emitted_at":9655.658617582,"latency_ms":0.165}
{"alert_id":63,"customer_id":"customer_100","symbol":"BANANAS31USDT","price":0.011236,"threshold":0.01124107,"direction":"below","ingested_at":9657.637113629,"emitted_at":9657.637342846,"latency_ms":0.229}
{"alert_id":64,"customer_id":"customer_10","symbol":"2ZUSDT","price":0.09202,"threshold":0.09208033,"direction":"below","ingested_at":9658.616989973,"emitted_at":9658.617109105,"latency_ms":0.119}
{"alert_id":65,"customer_id":"customer_37","symbol":"ALGOUSDT","price":0.1166,"threshold":0.1165081,"direction":"above","ingested_at":9660.614172803,"emitted_at":9660.614330762,"latency_ms":0.158}
{"alert_id":66,"customer_id":"customer_29","symbol":"ADXUSDT","price":0.0775,"threshold":0.07743133,"direction":"above","ingested_at":9660.614172803,"emitted_at":9660.614415446,"latency_ms":0.243}
{"alert_id":67,"customer_id":"customer_62","symbol":"ARKMUSDT","price":0.1215,"threshold":0.12158419,"direction":"below","ingested_at":9663.619927715,"emitted_at":9663.620307852,"latency_ms":0.38}
{"alert_id":68,"customer_id":"customer_65","symbol":"ASRUSDT","price":1.25,"threshold":1.24612295,"direction":"above","ingested_at":9664.618840874,"emitted_at":9664.618986689,"latency_ms":0.146}
{"alert_id":69,"customer_id":"customer_86","symbol":"AVAXUSDC","price":9.38,"threshold":9.38445131,"direction":"below","ingested_at":9667.616456555,"emitted_at":9667.616824192,"latency_ms":0.368}
{"alert_id":70,"customer_id":"customer_5","symbol":"1000SATSUSDC","price":0.000015,"threshold":0.00001499,"direction":"above","ingested_at":9668.616553132,"emitted_at":9668.616700112,"latency_ms":0.147}
{"alert_id":71,"customer_id":"customer_48","symbol":"ANKRUSDT","price":0.00492,"threshold":0.00492712,"direction":"below","ingested_at":9669.618674253,"emitted_at":9669.619234435,"latency_ms":0.56}
{"alert_id":72,"customer_id":"customer_26","symbol":"ADAUSDC","price":0.2567,"threshold":0.25679523,"direction":"below","ingested_at":9672.619686464,"emitted_at":9672.619862129,"latency_ms":0.176}
{"alert_id":73,"customer_id":"customer_42","symbol":"ALPINEUSDT","price":0.447,"threshold":0.44722205,"direction":"below","ingested_at":9675.629322159,"emitted_at":9675.629483963,"latency_ms":0.162}
{"alert_id":74,"customer_id":"customer_25","symbol":"ADATRY","price":11.61,"threshold":11.60755002,"direction":"above","ingested_at":9677.658299023,"emitted_at":9677.65856302,"latency_ms":0.264}
{"alert_id":75,"customer_id":"customer_1","symbol":"0GUSDT","price":0.538,"threshold":0.53749384,"direction":"above","ingested_at":9678.705497532,"emitted_at":9678.705827609,"latency_ms":0.33}
{"alert_id":76,"customer_id":"customer_94","symbol":"AXSUSDC","price":1.346,"threshold":1.34658985,"direction":"below","ingested_at":9679.689659735,"emitted_at":9679.690058061,"latency_ms":0.398}
{"alert_id":77,"customer_id":"customer_19","symbol":"ACMTRY","price":19.13,"threshold":19.12546281,"direction":"above","ingested_at":9684.643176895,"emitted_at":9684.643434305,"latency_ms":0.257}
{"alert_id":78,"customer_id":"customer_10","symbol":"2ZUSDT","price":0.09207,"threshold":0.09208033,"direction":"below","ingested_at":9686.689183976,"emitted_at":9686.689412758,"latency_ms":0.229}
{"alert_id":79,"customer_id":"customer_20","symbol":"ACMUSDT","price":0.422,"threshold":0.42222009,"direction":"below","ingested_at":9687.723296166,"emitted_at":9687.723591331,"latency_ms":0.295}
{"alert_id":80,"customer_id":"customer_56","symbol":"APTUSDT","price":0.967,"threshold":0.96732113,"direction":"below","ingested_at":9693.622585194,"emitted_at":9693.622895186,"latency_ms":0.31}
{"alert_id":81,"customer_id":"customer_89","symbol":"AVNTUSDT","price":0.1453,"threshold":0.14523704,"direction":"above","ingested_at":9694.622922141,"emitted_at":9694.623195451,"latency_ms":0.273}
{"alert_id":82,"customer_id":"customer_93","symbol":"AXSBTC","price":0.00001663,"threshold":0.00001661,"direction":"above","ingested_at":9695.624623029,"emitted_at":9695.624799102,"latency_ms":0.176}
{"alert_id":83,"customer_id":"customer_27","symbol":"ADAUSDT","price":0.2568,"threshold":0.25672019,"direction":"above","ingested_at":9695.624623029,"emitted_at":9695.624885486,"latency_ms":0.262}
{"alert_id":84,"customer_id":"customer_3","symbol":"1000CHEEMSUSDT","price":0.000638,"threshold":0.00063794,"direction":"above","ingested_at":9699.629420239,"emitted_at":9699.629780145,"latency_ms":0.36}
{"alert_id":85,"customer_id":"customer_29","symbol":"ADXUSDT","price":0.0775,"threshold":0.07743133,"direction":"above","ingested_at":9700.624489931,"emitted_at":9700.625560271,"latency_ms":1.07}
{"alert_id":86,"customer_id":"customer_86","symbol":"AVAXUSDC","price":9.38,"threshold":9.38445131,"direction":"below","ingested_at":9701.637329868,"emitted_at":9701.63921937,"latency_ms":1.89}
{"alert_id":87,"customer_id":"customer_43","symbol":"ALTTRY","price":0.351,"threshold":0.35049268,"direction":"above","ingested_at":9701.637329868,"emitted_at":9701.639394189,"latency_ms":2.064}
{"alert_id":88,"customer_id":"customer_12","symbol":"AAVETRY","price":4215.0,"threshold":4216.0197733,"direction":"below","ingested_at":9701.637329868,"emitted_at":9701.639444445,"latency_ms":2.115}
{"alert_id":89,"customer_id":"customer_52","symbol":"API3TRY","price":16.74,"threshold":16.75281165,"direction":"below","ingested_at":9701.637329868,"emitted_at":9701.639509765,"latency_ms":2.18}
{"alert_id":90,"customer_id":"customer_14","symbol":"AAVEUSDT","price":93.22,"threshold":93.24917648,"direction":"below","ingested_at":9702.64980044,"emitted_at":9702.650045643,"latency_ms":0.245}
{"alert_id":91,"customer_id":"customer_84","symbol":"AVAXTRY","price":423.9,"threshold":423.93035588,"direction":"below","ingested_at":9702.64980044,"emitted_at":9702.650119071,"latency_ms":0.319}
{"alert_id":92,"customer_id":"customer_70","symbol":"ASTRUSDT","price":0.008611,"threshold":0.00861313,"direction":"below","ingested_at":9703.639351118,"emitted_at":9703.639598427,"latency_ms":0.247}
{"alert_id":93,"customer_id":"customer_80","symbol":"AUSDT","price":0.0876,"threshold":0.08766453,"direction":"below","ingested_at":9705.635117971,"emitted_at":9705.635248437,"latency_ms":0.13}
{"alert_id":94,"customer_id":"customer_87","symbol":"AVAXUSDT","price":9.38,"threshold":9.37646331,"direction":"above","ingested_at":9706.619509231,"emitted_at":9706.619660786,"latency_ms":0.152}
{"alert_id":95,"customer_id":"customer_26","symbol":"ADAUSDC","price":0.2566,"threshold":0.25679523,"direction":"below","ingested_at":9707.629177554,"emitted_at":9707.629376073,"latency_ms":0.199}
{"alert_id":96,"customer_id":"customer_76","symbol":"ATOMUSDT","price":1.848,"threshold":1.8494979,"direction":"below","ingested_at":9709.692539125,"emitted_at":9709.692675883,"latency_ms":0.137}
{"alert_id":97,"customer_id":"customer_6","symbol":"1000SATSUSDT","price":0.00001497,"threshold":0.00001497,"direction":"below","ingested_at":9711.638417971,"emitted_at":9711.638563245,"latency_ms":0.145}
{"alert_id":98,"customer_id":"customer_82","symbol":"AVAXBRL","price":46.1,"threshold":46.13880837,"direction":"below","ingested_at":9711.638417971,"emitted_at":9711.638642724,"latency_ms":0.225}
{"alert_id":99,"customer_id":"customer_44","symbol":"ALTUSDT","price":0.00776,"threshold":0.00776383,"direction":"below","ingested_at":9712.672028218,"emitted_at":9712.672213695,"latency_ms":0.185}
{"alert_id":100,"customer_id":"customer_36","symbol":"ALGOUSDC","price":0.1163,"threshold":0.11638576,"direction":"below","ingested_at":9714.632015182,"emitted_at":9714.632138241,"latency_ms":0.123}
{"alert_id":101,"customer_id":"customer_87","symbol":"AVAXUSDT","price":9.38,"threshold":9.37646331,"direction":"above","ingested_at":9715.625811494,"emitted_at":9715.625939948,"latency_ms":0.128}
{"alert_id":102,"customer_id":"customer_97","symbol":"BABYUSDC","price":0.01823,"threshold":0.01822091,"direction":"above","ingested_at":9718.621391312,"emitted_at":9718.621551611,"latency_ms":0.16}
{"alert_id":103,"customer_id":"customer_79","symbol":"AUDIOUSDT","price":0.02034,"threshold":0.02033098,"direction":"above","ingested_at":9721.62143557,"emitted_at":9721.621560902,"latency_ms":0.125}
{"alert_id":104,"customer_id":"customer_87","symbol":"AVAXUSDT","price":9.38,"threshold":9.37646331,"direction":"above","ingested_at":9723.649776029,"emitted_at":9723.650058015,"latency_ms":0.282}
{"alert_id":105,"customer_id":"customer_41","symbol":"ALLOUSDT","price":0.1177,"threshold":0.11768081,"direction":"above","ingested_at":9728.635321434,"emitted_at":9728.635591555,"latency_ms":0.27}
{"alert_id":106,"customer_id":"customer_74","symbol":"ATOMTRY","price":83.5,"threshold":83.54028191,"direction":"below","ingested_at":9730.636088926,"emitted_at":9730.636269934,"latency_ms":0.181}
{"alert_id":107,"customer_id":"customer_3","symbol":"1000CHEEMSUSDT","price":0.000638,"threshold":0.00063794,"direction":"above","ingested_at":9732.645824552,"emitted_at":9732.646244107,"latency_ms":0.42}
{"alert_id":108,"customer_id":"customer_28","symbol":"ADXBTC","price":0.00000095,"threshold":0.00000095,"direction":"below","ingested_at":9735.632389268,"emitted_at":9735.637133846,"latency_ms":4.745}
{"alert_id":109,"customer_id":"customer_100","symbol":"BANANAS31USDT","price":0.01123,"threshold":0.01124107,"direction":"below","ingested_at":9747.635957195,"emitted_at":9747.636107627,"latency_ms":0.15}
{"alert_id":110,"customer_id":"customer_3","symbol":"1000CHEEMSUSDT","price":0.000638,"threshold":0.00063794,"direction":"above","ingested_at":9747.635957195,"emitted_at":9747.63618958,"latency_ms":0.232}
{"alert_id":111,"customer_id":"customer_57","symbol":"ARBTRY","price":5.38,"threshold":5.37320411,"direction":"above","ingested_at":9750.637771751,"emitted_at":9750.637909695,"latency_ms":0.138}
{"alert_id":112,"customer_id":"customer_91","symbol":"AXLTRY","price":3.64,"threshold":3.63867911,"direction":"above","ingested_at":9751.637287272,"emitted_at":9751.637585985,"latency_ms":0.299}
{"alert_id":113,"customer_id":"customer_32","symbol":"AIUSDT","price":0.0221,"threshold":0.02217132,"direction":"below","ingested_at":9752.637670325,"emitted_at":9752.637903881,"latency_ms":0.234}
{"alert_id":114,"customer_id":"customer_99","symbol":"BANANAS31USDC","price":0.011242,"threshold":0.01123314,"direction":"above","ingested_at":9754.642313829,"emitted_at":9754.642466417,"latency_ms":0.153}
{"alert_id":115,"customer_id":"customer_85","symbol":"AVAXU","price":9.4,"threshold":9.3920466,"direction":"above","ingested_at":9754.642313829,"emitted_at":9754.64255717,"latency_ms":0.243}
{"alert_id":116,"customer_id":"customer_88","symbol":"AVNTUSDC","price":0.1452,"threshold":0.1454035,"direction":"below","ingested_at":9758.652775058,"emitted_at":9758.653560013,"latency_ms":0.785}
{"alert_id":117,"customer_id":"customer_64","symbol":"ASRTRY","price":56.25,"threshold":56.35309534,"direction":"below","ingested_at":9758.652775058,"emitted_at":9758.653687477,"latency_ms":0.912}
{"alert_id":118,"customer_id":"customer_60","symbol":"ARDRUSDT","price":0.04258,"threshold":0.04261074,"direction":"below","ingested_at":9758.652775058,"emitted_at":9758.653729578,"latency_ms":0.955}
{"alert_id":119,"customer_id":"customer_50","symbol":"APEUSDC","price":0.1636,"threshold":0.16388496,"direction":"below","ingested_at":9759.657454632,"emitted_at":9759.65767435,"latency_ms":0.22}
{"alert_id":120,"customer_id":"customer_28","symbol":"ADXBTC","price":0.00000095,"threshold":0.00000095,"direction":"below","ingested_at":9763.636850851,"emitted_at":9763.637091754,"latency_ms":0.241}
{"alert_id":121,"customer_id":"customer_23","symbol":"ADAEUR","price":0.2195,"threshold":0.21942421,"direction":"above","ingested_at":9768.641351522,"emitted_at":9768.641650975,"latency_ms":0.299}
{"alert_id":122,"customer_id":"customer_3","symbol":"1000CHEEMSUSDT","price":0.000638,"threshold":0.00063794,"direction":"above","ingested_at":9770.64030037,"emitted_at":9770.640579282,"latency_ms":0.279}
{"alert_id":123,"customer_id":"customer_81","symbol":"AVAUSDT","price":0.2784,"threshold":0.27813849,"direction":"above","ingested_at":9772.647794459,"emitted_at":9772.64817843,"latency_ms":0.384}
{"alert_id":124,"customer_id":"customer_65","symbol":"ASRUSDT","price":1.247,"threshold":1.24612295,"direction":"above","ingested_at":9772.647794459,"emitted_at":9772.648282197,"latency_ms":0.488}
{"alert_id":125,"customer_id":"customer_7","symbol":"1MBABYDOGEUSDT","price":0.0004372,"threshold":0.00043709,"direction":"above","ingested_at":9772.647794459,"emitted_at":9772.648332462,"latency_ms":0.538}
{"alert_id":126,"customer_id":"customer_36","symbol":"ALGOUSDC","price":0.1163,"threshold":0.11638576,"direction":"below","ingested_at":9775.644681739,"emitted_at":9775.644950993,"latency_ms":0.269}
{"alert_id":127,"customer_id":"customer_27","symbol":"ADAUSDT","price":0.2568,"threshold":0.25672019,"direction":"above","ingested_at":9777.644439122,"emitted_at":9777.645151745,"latency_ms":0.713}
{"alert_id":128,"customer_id":"customer_87","symbol":"AVAXUSDT","price":9.38,"threshold":9.37646331,"direction":"above","ingested_at":9780.654241519,"emitted_at":9780.654957885,"latency_ms":0.716}
{"alert_id":129,"customer_id":"customer_45","symbol":"AMPUSDT","price":0.000882,"threshold":0.00088077,"direction":"above","ingested_at":9783.647682675,"emitted_at":9783.647971371,"latency_ms":0.289}
{"alert_id":130,"customer_id":"customer_56","symbol":"APTUSDT","price":0.967,"threshold":0.96732113,"direction":"below","ingested_at":9787.642513932,"emitted_at":9787.64264295,"latency_ms":0.129}
{"alert_id":131,"customer_id":"customer_67","symbol":"ASTERU","price":0.677,"threshold":0.67632534,"direction":"above","ingested_at":9787.642513932,"emitted_at":9787.6427179,"latency_ms":0.204}
{"alert_id":132,"customer_id":"customer_28","symbol":"ADXBTC","price":0.00000095,"threshold":0.00000095,"direction":"below","ingested_at":9790.64889242,"emitted_at":9790.649253558,"latency_ms":0.361}
{"alert_id":133,"customer_id":"customer_100","symbol":"BANANAS31USDT","price":0.011201,"threshold":0.01124107,"direction":"below","ingested_at":9796.647057458,"emitted_at":9796.647240256,"latency_ms":0.183}
{"alert_id":134,"customer_id":"customer_6","symbol":"1000SATSUSDT","price":0.00001497,"threshold":0.00001497,"direction":"below","ingested_at":9801.644017107,"emitted_at":9801.644261178,"latency_ms":0.244}
{"alert_id":135,"customer_id":"customer_4","symbol":"1000SATSTRY","price":0.000676,"threshold":0.00067677,"direction":"below","ingested_at":9805.647758765,"emitted_at":9805.648149127,"latency_ms":0.39}
{"alert_id":136,"customer_id":"customer_3","symbol":"1000CHEEMSUSDT","price":0.000638,"threshold":0.00063794,"direction":"above","ingested_at":9806.650084696,"emitted_at":9806.650390682,"latency_ms":0.306}
{"alert_id":137,"customer_id":"customer_25","symbol":"ADATRY","price":11.61,"threshold":11.60755002,"direction":"above","ingested_at":9808.649119642,"emitted_at":9808.649521524,"latency_ms":0.402}
{"alert_id":138,"customer_id":"customer_87","symbol":"AVAXUSDT","price":9.38,"threshold":9.37646331,"direction":"above","ingested_at":9811.652904423,"emitted_at":9811.653382436,"latency_ms":0.478}
{"alert_id":139,"customer_id":"customer_87","symbol":"AVAXUSDT","price":9.38,"threshold":9.37646331,"direction":"above","ingested_at":9817.651689179,"emitted_at":9817.655546777,"latency_ms":3.858}
{"alert_id":140,"customer_id":"customer_71","symbol":"ATMUSDT","price":1.093,"threshold":1.09258444,"direction":"above","ingested_at":9818.653270521,"emitted_at":9818.653664667,"latency_ms":0.394}
{"alert_id":141,"customer_id":"customer_15","symbol":"ACETRY","price":5.78,"threshold":5.75318444,"direction":"above","ingested_at":9820.655109278,"emitted_at":9820.656382301,"latency_ms":1.273}
{"alert_id":142,"customer_id":"customer_55","symbol":"APTUSDC","price":0.968,"threshold":0.96739981,"direction":"above","ingested_at":9821.654922236,"emitted_at":9821.655230198,"latency_ms":0.308}
{"alert_id":143,"customer_id":"customer_19","symbol":"ACMTRY","price":19.13,"threshold":19.12546281,"direction":"above","ingested_at":9822.653960905,"emitted_at":9822.654675127,"latency_ms":0.714}
{"alert_id":144,"customer_id":"customer_26","symbol":"ADAUSDC","price":0.2567,"threshold":0.25679523,"direction":"below","ingested_at":9822.653960905,"emitted_at":9822.654799525,"latency_ms":0.839}
{"alert_id":145,"customer_id":"customer_59","symbol":"ARBUSDT","price":0.119,"threshold":0.11884922,"direction":"above","ingested_at":9824.655277959,"emitted_at":9824.656264769,"latency_ms":0.987}
{"alert_id":146,"customer_id":"customer_63","symbol":"ARPAUSDT","price":0.01029,"threshold":0.0102756,"direction":"above","ingested_at":9825.653266116,"emitted_at":9825.653546033,"latency_ms":0.28}
{"alert_id":147,"customer_id":"customer_98","symbol":"BABYUSDT","price":0.01819,"threshold":0.01819145,"direction":"below","ingested_at":9831.657642132,"emitted_at":9831.657940625,"latency_ms":0.298}
{"alert_id":148,"customer_id":"customer_87","symbol":"AVAXUSDT","price":9.38,"threshold":9.37646331,"direction":"above","ingested_at":9833.659959956,"emitted_at":9833.660563409,"latency_ms":0.603}
{"alert_id":149,"customer_id":"customer_27","symbol":"ADAUSDT","price":0.2568,"threshold":0.25672019,"direction":"above","ingested_at":9834.660127392,"emitted_at":9834.661200168,"latency_ms":1.073}
{"alert_id":150,"customer_id":"customer_28","symbol":"ADXBTC","price":0.00000095,"threshold":0.00000095,"direction":"below","ingested_at":9835.669087967,"emitted_at":9835.669388965,"latency_ms":0.301}
{"alert_id":151,"customer_id":"customer_3","symbol":"1000CHEEMSUSDT","price":0.000638,"threshold":0.00063794,"direction":"above","ingested_at":9836.660881097,"emitted_at":9836.66125275,"latency_ms":0.372}
{"alert_id":152,"customer_id":"customer_26","symbol":"ADAUSDC","price":0.2567,"threshold":0.25679523,"direction":"below","ingested_at":9837.652741874,"emitted_at":9837.653173299,"latency_ms":0.431}
{"alert_id":153,"customer_id":"customer_99","symbol":"BANANAS31USDC","price":0.011243,"threshold":0.01123314,"direction":"above","ingested_at":9838.659420736,"emitted_at":9838.659634697,"latency_ms":0.214}
{"alert_id":154,"customer_id":"customer_80","symbol":"AUSDT","price":0.0876,"threshold":0.08766453,"direction":"below","ingested_at":9838.659420736,"emitted_at":9838.659747125,"latency_ms":0.326}
{"alert_id":155,"customer_id":"customer_21","symbol":"ACTTRY","price":0.75,"threshold":0.74332583,"direction":"above","ingested_at":9841.657719752,"emitted_at":9841.658019866,"latency_ms":0.3}
{"alert_id":156,"customer_id":"customer_45","symbol":"AMPUSDT","price":0.000881,"threshold":0.00088077,"direction":"above","ingested_at":9844.658431063,"emitted_at":9844.658733037,"latency_ms":0.302}
{"alert_id":157,"customer_id":"customer_51","symbol":"APEUSDT","price":0.1632,"threshold":0.16316122,"direction":"above","ingested_at":9844.658431063,"emitted_at":9844.658864723,"latency_ms":0.434}
{"alert_id":158,"customer_id":"customer_100","symbol":"BANANAS31USDT","price":0.011194,"threshold":0.01124107,"direction":"below","ingested_at":9846.657945408,"emitted_at":9846.658355169,"latency_ms":0.41}
{"alert_id":159,"customer_id":"customer_3","symbol":"1000CHEEMSUSDT","price":0.000638,"threshold":0.00063794,"direction":"above","ingested_at":9847.663228528,"emitted_at":9847.663478167,"latency_ms":0.25}
{"alert_id":160,"customer_id":"customer_27","symbol":"ADAUSDT","price":0.2568,"threshold":0.25672019,"direction":"above","ingested_at":9850.66305125,"emitted_at":9850.663901243,"latency_ms":0.85}
{"alert_id":161,"customer_id":"customer_40","symbol":"ALLOUSDC","price":0.1174,"threshold":0.11745417,"direction":"below","ingested_at":9850.66305125,"emitted_at":9850.664042182,"latency_ms":0.991}
{"alert_id":162,"customer_id":"customer_72","symbol":"ATOMEUR","price":1.577,"threshold":1.5791579,"direction":"below","ingested_at":9853.699202028,"emitted_at":9853.699808398,"latency_ms":0.606}
{"alert_id":163,"customer_id":"customer_27","symbol":"ADAUSDT","price":0.2568,"threshold":0.25672019,"direction":"above","ingested_at":9856.660882797,"emitted_at":9856.661339241,"latency_ms":0.456}
{"alert_id":164,"customer_id":"customer_59","symbol":"ARBUSDT","price":0.1189,"threshold":0.11884922,"direction":"above","ingested_at":9858.667554978,"emitted_at":9858.6678116,"latency_ms":0.257}
{"alert_id":165,"customer_id":"customer_68","symbol":"ASTERUSDC","price":0.675,"threshold":0.6758151,"direction":"below","ingested_at":9861.665605925,"emitted_at":9861.665749393,"latency_ms":0.143}
{"alert_id":166,"customer_id":"customer_66","symbol":"ASTERTRY","price":30.51,"threshold":30.52469687,"direction":"below","ingested_at":9861.665605925,"emitted_at":9861.665830164,"latency_ms":0.224}
{"alert_id":167,"customer_id":"customer_69","symbol":"ASTERUSDT","price":0.676,"threshold":0.67569834,"direction":"above","ingested_at":9862.664306037,"emitted_at":9862.664646934,"latency_ms":0.341}
{"alert_id":168,"customer_id":"customer_9","symbol":"2ZUSDC","price":0.09232,"threshold":0.09228298,"direction":"above","ingested_at":9863.66415967,"emitted_at":9863.664341495,"latency_ms":0.182}
{"alert_id":169,"customer_id":"customer_80","symbol":"AUSDT","price":0.0876,"threshold":0.08766453,"direction":"below","ingested_at":9867.666216201,"emitted_at":9867.666347125,"latency_ms":0.131}
{"alert_id":170,"customer_id":"customer_25","symbol":"ADATRY","price":11.61,"threshold":11.60755002,"direction":"above","ingested_at":9867.666216201,"emitted_at":9867.666424453,"latency_ms":0.208}
{"alert_id":171,"customer_id":"customer_20","symbol":"ACMUSDT","price":0.422,"threshold":0.42222009,"direction":"below","ingested_at":9874.66951398,"emitted_at":9874.669762633,"latency_ms":0.249}
{"alert_id":172,"customer_id":"customer_80","symbol":"AUSDT","price":0.0876,"threshold":0.08766453,"direction":"below","ingested_at":9881.667736924,"emitted_at":9881.66798136,"latency_ms":0.244}
{"alert_id":173,"customer_id":"customer_3","symbol":"1000CHEEMSUSDT","price":0.000638,"threshold":0.00063794,"direction":"above","ingested_at":9882.676736072,"emitted_at":9882.677023034,"latency_ms":0.287}
{"alert_id":174,"customer_id":"customer_87","symbol":"AVAXUSDT","price":9.38,"threshold":9.37646331,"direction":"above","ingested_at":9883.663884293,"emitted_at":9883.664114881,"latency_ms":0.231}
{"alert_id":175,"customer_id":"customer_1","symbol":"0GUSDT","price":0.538,"threshold":0.53749384,"direction":"above","ingested_at":9888.670245985,"emitted_at":9888.670425757,"latency_ms":0.18}
{"alert_id":176,"customer_id":"customer_58","symbol":"ARBUSDC","price":0.1188,"threshold":0.11887567,"direction":"below","ingested_at":9889.668389888,"emitted_at":9889.668747244,"latency_ms":0.357}
{"alert_id":177,"customer_id":"customer_45","symbol":"AMPUSDT","price":0.000881,"threshold":0.00088077,"direction":"above","ingested_at":9889.668389888,"emitted_at":9889.668909225,"latency_ms":0.519}
