{"alert_id":1,"customer_id":"customer_407","symbol":"LUNCUSDT","price":0.00011797,"threshold":0.00011751,"direction":"above","ingested_at":9890.832368378,"emitted_at":9890.832522781,"latency_ms":0.154}
{"alert_id":2,"customer_id":"customer_322","symbol":"HAEDALUSDT","price":0.03061,"threshold":0.03066706,"direction":"below","ingested_at":9890.832368378,"emitted_at":9890.832568825,"latency_ms":0.2}
{"alert_id":3,"customer_id":"customer_447","symbol":"NEWTUSDT","price":0.0755,"threshold":0.07544745,"direction":"above","ingested_at":9890.832368378,"emitted_at":9890.832579015,"latency_ms":0.211}
{"alert_id":4,"customer_id":"customer_399","symbol":"LTCUSDT","price":55.64,"threshold":55.60709488,"direction":"above","ingested_at":9890.832368378,"emitted_at":9890.832617185,"latency_ms":0.249}
{"alert_id":5,"customer_id":"customer_59","symbol":"ARBUSDT","price":0.119,"threshold":0.11894307,"direction":"above","ingested_at":9890.832368378,"emitted_at":9890.832623566,"latency_ms":0.255}
{"alert_id":6,"customer_id":"customer_500","symbol":"PEPEUSDT","price":0.00000407,"threshold":0.00000407,"direction":"below","ingested_at":9890.832368378,"emitted_at":9890.832630158,"latency_ms":0.262}
{"alert_id":7,"customer_id":"customer_213","symbol":"DOGEFDUSD","price":0.11222,"threshold":0.11214938,"direction":"above","ingested_at":9890.832368378,"emitted_at":9890.832639583,"latency_ms":0.271}
{"alert_id":8,"customer_id":"customer_480","symbol":"ORDIUSDT","price":5.122,"threshold":5.12566835,"direction":"below","ingested_at":9890.832368378,"emitted_at":9890.832646444,"latency_ms":0.278}
{"alert_id":9,"customer_id":"customer_405","symbol":"LUNCTRY","price":0.005334,"threshold":0.00532932,"direction":"above","ingested_at":9890.832368378,"emitted_at":9890.832652608,"latency_ms":0.284}
{"alert_id":10,"customer_id":"customer_159","symbol":"BTCUSDC","price":81349.12,"threshold":81275.62045061,"direction":"above","ingested_at":9890.832368378,"emitted_at":9890.832658467,"latency_ms":0.29}
{"alert_id":11,"customer_id":"customer_391","symbol":"LINKUSDT","price":9.71,"threshold":9.70642198,"direction":"above","ingested_at":9890.832368378,"emitted_at":9890.832665176,"latency_ms":0.297}
{"alert_id":12,"customer_id":"customer_347","symbol":"ICPUSDT","price":2.494,"threshold":2.48930135,"direction":"above","ingested_at":9890.832368378,"emitted_at":9890.832670869,"latency_ms":0.302}
{"alert_id":13,"customer_id":"customer_32","symbol":"AIUSDT","price":0.0222,"threshold":0.02222116,"direction":"below","ingested_at":9890.832368378,"emitted_at":9890.832677098,"latency_ms":0.309}
{"alert_id":14,"customer_id":"customer_411","symbol":"MANTRAUSDT","price":0.01013,"threshold":0.01012302,"direction":"above","ingested_at":9890.832368378,"emitted_at":9890.832689004,"latency_ms":0.321}
{"alert_id":15,"customer_id":"customer_207","symbol":"DEXEUSDT","price":10.827,"threshold":10.81292708,"direction":"above","ingested_at":9890.832368378,"emitted_at":9890.832695206,"latency_ms":0.327}
{"alert_id":16,"customer_id":"customer_163","symbol":"C98USDT","price":0.0209,"threshold":0.02087031,"direction":"above","ingested_at":9890.832368378,"emitted_at":9890.83270157,"latency_ms":0.333}
{"alert_id":17,"customer_id":"customer_251","symbol":"ENAUSDT","price":0.1115,"threshold":0.11130111,"direction":"above","ingested_at":9890.832368378,"emitted_at":9890.832708548,"latency_ms":0.34}
{"alert_id":18,"customer_id":"customer_177","symbol":"CHIPUSDC","price":0.0574,"threshold":0.05737285,"direction":"above","ingested_at":9890.832368378,"emitted_at":9890.832715622,"latency_ms":0.347}
{"alert_id":19,"customer_id":"customer_418","symbol":"MEGAUSDT","price":0.12606,"threshold":0.12617463,"direction":"below","ingested_at":9890.832368378,"emitted_at":9890.83272185,"latency_ms":0.353}
{"alert_id":20,"customer_id":"customer_416","symbol":"MEGATRY","price":5.698,"threshold":5.70137973,"direction":"below","ingested_at":9890.832368378,"emitted_at":9890.832727321,"latency_ms":0.359}
{"alert_id":21,"customer_id":"customer_221","symbol":"DOGSUSDT","price":0.0000593,"threshold":0.00005925,"direction":"above","ingested_at":9890.832368378,"emitted_at":9890.832736076,"latency_ms":0.368}
{"alert_id":22,"customer_id":"customer_415","symbol":"MBLUSDT","price":0.000931,"threshold":0.00093037,"direction":"above","ingested_at":9890.832368378,"emitted_at":9890.832744672,"latency_ms":0.376}
{"alert_id":23,"customer_id":"customer_444","symbol":"NEIROUSDT","price":0.00010053,"threshold":0.00010077,"direction":"below","ingested_at":9890.832368378,"emitted_at":9890.832749925,"latency_ms":0.382}
{"alert_id":24,"customer_id":"customer_117","symbol":"BIOUSDT","price":0.0525,"threshold":0.05245674,"direction":"above","ingested_at":9890.832368378,"emitted_at":9890.832758403,"latency_ms":0.39}
{"alert_id":25,"customer_id":"customer_308","symbol":"GLMRUSDT","price":0.0169,"threshold":0.0169454,"direction":"below","ingested_at":9890.832368378,"emitted_at":9890.832764464,"latency_ms":0.396}
{"alert_id":26,"customer_id":"customer_233","symbol":"DUSDT","price":0.01198,"threshold":0.01194845,"direction":"above","ingested_at":9890.832368378,"emitted_at":9890.832770039,"latency_ms":0.402}
{"alert_id":27,"customer_id":"customer_345","symbol":"ICPTRY","price":112.7,"threshold":112.58926122,"direction":"above","ingested_at":9890.832368378,"emitted_at":9890.832777506,"latency_ms":0.409}
{"alert_id":28,"customer_id":"customer_438","symbol":"MUBARAKUSDT","price":0.01613,"threshold":0.01614869,"direction":"below","ingested_at":9890.832858025,"emitted_at":9890.833146947,"latency_ms":0.289}
{"alert_id":29,"customer_id":"customer_87","symbol":"AVAXUSDT","price":9.38,"threshold":9.3778037,"direction":"above","ingested_at":9890.832858025,"emitted_at":9890.833158072,"latency_ms":0.3}
{"alert_id":30,"customer_id":"customer_135","symbol":"BNBUSDT","price":630.65,"threshold":630.19721602,"direction":"above","ingested_at":9890.832858025,"emitted_at":9890.8331643,"latency_ms":0.306}
{"alert_id":31,"customer_id":"customer_147","symbol":"BTCBRL","price":399854.0,"threshold":399589.4799483,"direction":"above","ingested_at":9890.832858025,"emitted_at":9890.833170506,"latency_ms":0.312}
{"alert_id":32,"customer_id":"customer_340","symbol":"HUMAUSDT","price":0.02224,"threshold":0.0222599,"direction":"below","ingested_at":9890.832858025,"emitted_at":9890.833179899,"latency_ms":0.322}
{"alert_id":33,"customer_id":"customer_436","symbol":"MUBARAKTRY","price":0.729,"threshold":0.73066464,"direction":"below","ingested_at":9890.832858025,"emitted_at":9890.833185787,"latency_ms":0.328}
{"alert_id":34,"customer_id":"customer_297","symbol":"FLOKIUSDT","price":0.00003295,"threshold":0.00003293,"direction":"above","ingested_at":9890.832858025,"emitted_at":9890.833193432,"latency_ms":0.335}
{"alert_id":35,"customer_id":"customer_295","symbol":"FLOKITRY","price":0.00149,"threshold":0.00148953,"direction":"above","ingested_at":9890.832858025,"emitted_at":9890.833199709,"latency_ms":0.342}
{"alert_id":36,"customer_id":"customer_215","symbol":"DOGETRY","price":5.068,"threshold":5.06630688,"direction":"above","ingested_at":9890.832858025,"emitted_at":9890.833206499,"latency_ms":0.348}
{"alert_id":37,"customer_id":"customer_27","symbol":"ADAUSDT","price":0.2567,"threshold":0.25668934,"direction":"above","ingested_at":9890.832858025,"emitted_at":9890.833213239,"latency_ms":0.355}
{"alert_id":38,"customer_id":"customer_307","symbol":"GIGGLEUSDT","price":35.06,"threshold":35.02034298,"direction":"above","ingested_at":9890.832858025,"emitted_at":9890.833221726,"latency_ms":0.364}
{"alert_id":39,"customer_id":"customer_305","symbol":"GIGGLETRY","price":1584.0,"threshold":1583.81597002,"direction":"above","ingested_at":9890.832858025,"emitted_at":9890.833227928,"latency_ms":0.37}
{"alert_id":40,"customer_id":"customer_120","symbol":"BLURUSDT","price":0.02797,"threshold":0.0280228,"direction":"below","ingested_at":9890.832858025,"emitted_at":9890.833234653,"latency_ms":0.377}
{"alert_id":41,"customer_id":"customer_118","symbol":"BLURTRY","price":1.264,"threshold":1.26518275,"direction":"below","ingested_at":9890.832858025,"emitted_at":9890.833239856,"latency_ms":0.382}
{"alert_id":42,"customer_id":"customer_379","symbol":"KITEUSDT","price":0.1498,"threshold":0.14951932,"direction":"above","ingested_at":9890.832858025,"emitted_at":9890.833245293,"latency_ms":0.387}
{"alert_id":43,"customer_id":"customer_366","symbol":"JTOUSDT","price":0.3558,"threshold":0.35614177,"direction":"below","ingested_at":9890.832858025,"emitted_at":9890.833252604,"latency_ms":0.395}
{"alert_id":44,"customer_id":"customer_277","symbol":"ETHUSDC","price":2374.41,"threshold":2373.67271473,"direction":"above","ingested_at":9890.832858025,"emitted_at":9890.833258499,"latency_ms":0.4}
{"alert_id":45,"customer_id":"customer_158","symbol":"BTCUSD1","price":81305.1,"threshold":81317.77014851,"direction":"below","ingested_at":9890.832858025,"emitted_at":9890.833267141,"latency_ms":0.409}
{"alert_id":46,"customer_id":"customer_133","symbol":"BNBUSD1","price":630.63,"threshold":630.43995,"direction":"above","ingested_at":9890.832858025,"emitted_at":9890.833272644,"latency_ms":0.415}
{"alert_id":47,"customer_id":"customer_276","symbol":"ETHUSD1","price":2373.54,"threshold":2373.88786704,"direction":"below","ingested_at":9890.832858025,"emitted_at":9890.833277906,"latency_ms":0.42}
{"alert_id":48,"customer_id":"customer_403","symbol":"LUNAUSDC","price":0.077,"threshold":0.0767128,"direction":"above","ingested_at":9890.832858025,"emitted_at":9890.833284799999,"latency_ms":0.427}
{"alert_id":49,"customer_id":"customer_289","symbol":"FETUSDT","price":0.2155,"threshold":0.21470707,"direction":"above","ingested_at":9890.832858025,"emitted_at":9890.833290481,"latency_ms":0.432}
{"alert_id":50,"customer_id":"customer_131","symbol":"BNBU","price":630.69,"threshold":630.08264195,"direction":"above","ingested_at":9890.832858025,"emitted_at":9890.833298527,"latency_ms":0.441}
{"alert_id":51,"customer_id":"customer_275","symbol":"ETHU","price":2373.56,"threshold":2373.51665416,"direction":"above","ingested_at":9890.832858025,"emitted_at":9890.833304517,"latency_ms":0.446}
{"alert_id":52,"customer_id":"customer_92","symbol":"AXLUSDT","price":0.0796,"threshold":0.07996408,"direction":"below","ingested_at":9890.832858025,"emitted_at":9890.833309943,"latency_ms":0.452}
{"alert_id":53,"customer_id":"customer_37","symbol":"ALGOUSDT","price":0.1167,"threshold":0.11634705,"direction":"above","ingested_at":9890.832858025,"emitted_at":9890.833317107,"latency_ms":0.459}
{"alert_id":54,"customer_id":"customer_454","symbol":"NIGHTUSDT","price":0.03139,"threshold":0.03151512,"direction":"below","ingested_at":9890.832858025,"emitted_at":9890.833324221,"latency_ms":0.466}
{"alert_id":55,"customer_id":"customer_217","symbol":"DOGEUSDC","price":0.11215,"threshold":0.11213606,"direction":"above","ingested_at":9890.832858025,"emitted_at":9890.833330722,"latency_ms":0.473}
{"alert_id":56,"customer_id":"customer_138","symbol":"BOMEUSDC","price":0.000581,"threshold":0.00058133,"direction":"below","ingested_at":9890.832858025,"emitted_at":9890.8333387,"latency_ms":0.481}
{"alert_id":57,"customer_id":"customer_346","symbol":"ICPUSDC","price":2.492,"threshold":2.49317251,"direction":"below","ingested_at":9890.832858025,"emitted_at":9890.833346715,"latency_ms":0.489}
{"alert_id":58,"customer_id":"customer_111","symbol":"BCHUSDT","price":455.2,"threshold":454.96271945,"direction":"above","ingested_at":9890.832858025,"emitted_at":9890.833353874,"latency_ms":0.496}
{"alert_id":59,"customer_id":"customer_155","symbol":"BTCTRY","price":3676067.0,"threshold":3674798.40580304,"direction":"above","ingested_at":9890.832858025,"emitted_at":9890.833359322,"latency_ms":0.501}
{"alert_id":60,"customer_id":"customer_219","symbol":"DOGSTRY","price":0.00268,"threshold":0.00264868,"direction":"above","ingested_at":9890.832858025,"emitted_at":9890.833368227,"latency_ms":0.51}
{"alert_id":61,"customer_id":"customer_13","symbol":"AAVEUSDC","price":93.32,"threshold":93.31278347,"direction":"above","ingested_at":9890.832858025,"emitted_at":9890.833374749,"latency_ms":0.517}
{"alert_id":62,"customer_id":"customer_149","symbol":"BTCEURI","price":69515.13,"threshold":69501.72233073,"direction":"above","ingested_at":9890.832858025,"emitted_at":9890.833381711,"latency_ms":0.524}
{"alert_id":63,"customer_id":"customer_246","symbol":"EIGENUSDT","price":0.1863,"threshold":0.18638376,"direction":"below","ingested_at":9890.832858025,"emitted_at":9890.833388595,"latency_ms":0.531}
{"alert_id":64,"customer_id":"customer_22","symbol":"ACTUSDT","price":0.0164,"threshold":0.0164015,"direction":"below","ingested_at":9890.832858025,"emitted_at":9890.833395131,"latency_ms":0.537}
{"alert_id":65,"customer_id":"customer_182","symbol":"CHZUSDC","price":0.04139,"threshold":0.04142419,"direction":"below","ingested_at":9890.832858025,"emitted_at":9890.83340113,"latency_ms":0.543}
{"alert_id":66,"customer_id":"customer_477","symbol":"ORCAUSDT","price":1.685,"threshold":1.68052933,"direction":"above","ingested_at":9890.832858025,"emitted_at":9890.833406485,"latency_ms":0.548}
{"alert_id":67,"customer_id":"customer_53","symbol":"API3USDT","price":0.3708,"threshold":0.37059334,"direction":"above","ingested_at":9890.832858025,"emitted_at":9890.833414922,"latency_ms":0.557}
{"alert_id":68,"customer_id":"customer_231","symbol":"DOTUSDT","price":1.266,"threshold":1.26389723,"direction":"above","ingested_at":9890.832858025,"emitted_at":9890.833420711,"latency_ms":0.563}
{"alert_id":69,"customer_id":"customer_51","symbol":"APEUSDT","price":0.1646,"threshold":0.16415686,"direction":"above","ingested_at":9890.832858025,"emitted_at":9890.83342814,"latency_ms":0.57}
{"alert_id":70,"customer_id":"customer_389","symbol":"LINKTRY","price":438.8,"threshold":438.64228864,"direction":"above","ingested_at":9891.611903401,"emitted_at":9891.612174123,"latency_ms":0.271}
{"alert_id":71,"customer_id":"customer_466","symbol":"ONDOUSDT","price":0.3176,"threshold":0.3183614,"direction":"below","ingested_at":9891.611903401,"emitted_at":9891.612248442,"latency_ms":0.345}
{"alert_id":72,"customer_id":"customer_286","symbol":"FDUSDUSDT","price":0.9992,"threshold":0.99923322,"direction":"below","ingested_at":9891.611903401,"emitted_at":9891.612322617,"latency_ms":0.419}
{"alert_id":73,"customer_id":"customer_174","symbol":"CFXUSDT","price":0.06123,"threshold":0.06127224,"direction":"below","ingested_at":9891.611903401,"emitted_at":9891.612334324,"latency_ms":0.431}
{"alert_id":74,"customer_id":"customer_473","symbol":"OPUSDC","price":0.1274,"threshold":0.12736547,"direction":"above","ingested_at":9891.611903401,"emitted_at":9891.612347348,"latency_ms":0.444}
{"alert_id":75,"customer_id":"customer_169","symbol":"CELRUSDT","price":0.002753,"threshold":0.00275224,"direction":"above","ingested_at":9891.611903401,"emitted_at":9891.612357689,"latency_ms":0.454}
{"alert_id":76,"customer_id":"customer_367","symbol":"JUPUSDC","price":0.1903,"threshold":0.19023737,"direction":"above","ingested_at":9891.611903401,"emitted_at":9891.612363863,"latency_ms":0.46}
{"alert_id":77,"customer_id":"customer_171","symbol":"CFGTRY","price":11.176,"threshold":11.13776893,"direction":"above","ingested_at":9891.611903401,"emitted_at":9891.612375152,"latency_ms":0.472}
{"alert_id":78,"customer_id":"customer_427","symbol":"MINAUSDT","price":0.0627,"threshold":0.06264905,"direction":"above","ingested_at":9891.611903401,"emitted_at":9891.612383382,"latency_ms":0.48}
{"alert_id":79,"customer_id":"customer_304","symbol":"GALAUSDT","price":0.0033,"threshold":0.00330298,"direction":"below","ingested_at":9891.611903401,"emitted_at":9891.612396716,"latency_ms":0.493}
{"alert_id":80,"customer_id":"customer_435","symbol":"MOVRUSDT","price":2.116,"threshold":2.11426823,"direction":"above","ingested_at":9891.611903401,"emitted_at":9891.612409033,"latency_ms":0.506}
{"alert_id":81,"customer_id":"customer_45","symbol":"AMPUSDT","price":0.000883,"threshold":0.00088155,"direction":"above","ingested_at":9891.611903401,"emitted_at":9891.61241642,"latency_ms":0.513}
{"alert_id":82,"customer_id":"customer_400","symbol":"LUMIATRY","price":6.226,"threshold":6.24387671,"direction":"below","ingested_at":9891.611903401,"emitted_at":9891.612424148,"latency_ms":0.521}
{"alert_id":83,"customer_id":"customer_3","symbol":"1000CHEEMSUSDT","price":0.000639,"threshold":0.00063805,"direction":"above","ingested_at":9891.611903401,"emitted_at":9891.612432621,"latency_ms":0.529}
{"alert_id":84,"customer_id":"customer_100","symbol":"BANANAS31USDT","price":0.011265,"threshold":0.01126896,"direction":"below","ingested_at":9892.6044954,"emitted_at":9892.604789347,"latency_ms":0.294}
{"alert_id":85,"customer_id":"customer_309","symbol":"GMTUSDC","price":0.0108,"threshold":0.01078922,"direction":"above","ingested_at":9892.6044954,"emitted_at":9892.604897949,"latency_ms":0.403}
{"alert_id":86,"customer_id":"customer_56","symbol":"APTUSDT","price":0.966,"threshold":0.96748298,"direction":"below","ingested_at":9892.6044954,"emitted_at":9892.604921248,"latency_ms":0.426}
{"alert_id":87,"customer_id":"customer_409","symbol":"MAGICUSDT","price":0.0655,"threshold":0.06546228,"direction":"above","ingested_at":9892.6044954,"emitted_at":9892.604938332,"latency_ms":0.443}
{"alert_id":88,"customer_id":"customer_10","symbol":"2ZUSDT","price":0.09202,"threshold":0.09229179,"direction":"below","ingested_at":9892.6044954,"emitted_at":9892.604958715,"latency_ms":0.463}
{"alert_id":89,"customer_id":"customer_8","symbol":"2ZTRY","price":4.163,"threshold":4.16968163,"direction":"below","ingested_at":9892.6044954,"emitted_at":9892.604969045,"latency_ms":0.474}
{"alert_id":90,"customer_id":"customer_26","symbol":"ADAUSDC","price":0.2567,"threshold":0.25670288,"direction":"below","ingested_at":9892.6044954,"emitted_at":9892.604990829,"latency_ms":0.495}
{"alert_id":91,"customer_id":"customer_18","symbol":"ACHUSDT","price":0.00804,"threshold":0.00806947,"direction":"below","ingested_at":9892.6044954,"emitted_at":9892.605038251,"latency_ms":0.543}
{"alert_id":92,"customer_id":"customer_46","symbol":"ANIMEUSDT","price":0.0048,"threshold":0.00480298,"direction":"below","ingested_at":9892.6044954,"emitted_at":9892.605051331,"latency_ms":0.556}
{"alert_id":93,"customer_id":"customer_485","symbol":"PARTIUSDT","price":0.0513,"threshold":0.05126716,"direction":"above","ingested_at":9893.601285684,"emitted_at":9893.601650628,"latency_ms":0.365}
{"alert_id":94,"customer_id":"customer_488","symbol":"PAXGUSDC","price":4547.8,"threshold":4548.26449394,"direction":"below","ingested_at":9893.601285684,"emitted_at":9893.601748902,"latency_ms":0.463}
{"alert_id":95,"customer_id":"customer_95","symbol":"AXSUSDT","price":1.345,"threshold":1.3436044,"direction":"above","ingested_at":9893.601285684,"emitted_at":9893.601771029,"latency_ms":0.485}
{"alert_id":96,"customer_id":"customer_313","symbol":"GNSUSDT","price":0.539,"threshold":0.5386556,"direction":"above","ingested_at":9893.601285684,"emitted_at":9893.601782166,"latency_ms":0.496}
{"alert_id":97,"customer_id":"customer_71","symbol":"ATMUSDT","price":1.094,"threshold":1.09329761,"direction":"above","ingested_at":9893.601285684,"emitted_at":9893.601795218,"latency_ms":0.51}
{"alert_id":98,"customer_id":"customer_75","symbol":"ATOMUSDC","price":1.849,"threshold":1.84894586,"direction":"above","ingested_at":9893.601285684,"emitted_at":9893.601818065,"latency_ms":0.532}
{"alert_id":99,"customer_id":"customer_185","symbol":"CITYUSDT","price":0.585,"threshold":0.58455712,"direction":"above","ingested_at":9893.601285684,"emitted_at":9893.601835981,"latency_ms":0.55}
{"alert_id":100,"customer_id":"customer_227","symbol":"DOTEUR","price":1.083,"threshold":1.07985802,"direction":"above","ingested_at":9894.601208298,"emitted_at":9894.601385092,"latency_ms":0.177}
{"alert_id":101,"customer_id":"customer_335","symbol":"HOLOTRY","price":2.967,"threshold":2.96602276,"direction":"above","ingested_at":9894.601208298,"emitted_at":9894.601471295,"latency_ms":0.263}
{"alert_id":102,"customer_id":"customer_277","symbol":"ETHUSDC","price":2373.71,"threshold":2373.67271473,"direction":"above","ingested_at":9894.601208298,"emitted_at":9894.601487829,"latency_ms":0.28}
{"alert_id":103,"customer_id":"customer_31","symbol":"AITRY","price":1.01,"threshold":1.00716774,"direction":"above","ingested_at":9894.601208298,"emitted_at":9894.601496745,"latency_ms":0.288}
{"alert_id":104,"customer_id":"customer_172","symbol":"CFGUSDC","price":0.2466,"threshold":0.24716768,"direction":"below","ingested_at":9894.601208298,"emitted_at":9894.601512963,"latency_ms":0.305}
{"alert_id":105,"customer_id":"customer_373","symbol":"KATUSDC","price":0.00944,"threshold":0.0094325,"direction":"above","ingested_at":9894.601208298,"emitted_at":9894.601529899,"latency_ms":0.322}
{"alert_id":106,"customer_id":"customer_164","symbol":"CAKEUSDC","price":1.513,"threshold":1.51376773,"direction":"below","ingested_at":9894.601208298,"emitted_at":9894.601550788,"latency_ms":0.342}
{"alert_id":107,"customer_id":"customer_441","symbol":"NEARUSDT","price":1.275,"threshold":1.27318178,"direction":"above","ingested_at":9895.601449263,"emitted_at":9895.601746018,"latency_ms":0.297}
{"alert_id":108,"customer_id":"customer_388","symbol":"LINEAUSDT","price":0.003579,"threshold":0.00357968,"direction":"below","ingested_at":9895.601449263,"emitted_at":9895.601861072,"latency_ms":0.412}
{"alert_id":109,"customer_id":"customer_432","symbol":"MORPHOUSDT","price":2.259,"threshold":2.27191946,"direction":"below","ingested_at":9895.601449263,"emitted_at":9895.601885546,"latency_ms":0.436}
{"alert_id":110,"customer_id":"customer_276","symbol":"ETHUSD1","price":2373.76,"threshold":2373.88786704,"direction":"below","ingested_at":9895.601449263,"emitted_at":9895.601909716,"latency_ms":0.46}
{"alert_id":111,"customer_id":"customer_284","symbol":"FARMUSDT","price":12.08,"threshold":12.08501936,"direction":"below","ingested_at":9895.601449263,"emitted_at":9895.601933081,"latency_ms":0.484}
{"alert_id":112,"customer_id":"customer_221","symbol":"DOGSUSDT","price":0.0000593,"threshold":0.00005925,"direction":"above","ingested_at":9895.601449263,"emitted_at":9895.601954342,"latency_ms":0.505}
{"alert_id":113,"customer_id":"customer_382","symbol":"KNCUSDT","price":0.1474,"threshold":0.14740245,"direction":"below","ingested_at":9895.601449263,"emitted_at":9895.601969381,"latency_ms":0.52}
{"alert_id":114,"customer_id":"customer_206","symbol":"DCRUSDT","price":19.39,"threshold":19.40030164,"direction":"below","ingested_at":9895.601449263,"emitted_at":9895.601983931,"latency_ms":0.535}
{"alert_id":115,"customer_id":"customer_494","symbol":"PENGUUSDC","price":0.011408,"threshold":0.0114098,"direction":"below","ingested_at":9895.601449263,"emitted_at":9895.601995376,"latency_ms":0.546}
{"alert_id":116,"customer_id":"customer_478","symbol":"ORDITRY","price":231.5,"threshold":231.8487654,"direction":"below","ingested_at":9896.600147607,"emitted_at":9896.600307381,"latency_ms":0.16}
{"alert_id":117,"customer_id":"customer_491","symbol":"PENDLEUSDC","price":1.991,"threshold":1.99029563,"direction":"above","ingested_at":9896.600147607,"emitted_at":9896.600394196,"latency_ms":0.247}
{"alert_id":118,"customer_id":"customer_29","symbol":"ADXUSDT","price":0.0775,"threshold":0.07735142,"direction":"above","ingested_at":9896.600147607,"emitted_at":9896.600407791,"latency_ms":0.26}
{"alert_id":119,"customer_id":"customer_7","symbol":"1MBABYDOGEUSDT","price":0.0004374,"threshold":0.00043728,"direction":"above","ingested_at":9896.600147607,"emitted_at":9896.600417068,"latency_ms":0.269}
{"alert_id":120,"customer_id":"customer_198","symbol":"CTSIUSDT","price":0.03334,"threshold":0.03334779,"direction":"below","ingested_at":9896.600147607,"emitted_at":9896.600423919,"latency_ms":0.276}
{"alert_id":121,"customer_id":"customer_363","symbol":"JSTUSDT","price":0.08579,"threshold":0.08563818,"direction":"above","ingested_at":9896.600147607,"emitted_at":9896.600432348,"latency_ms":0.285}
{"alert_id":122,"customer_id":"customer_430","symbol":"MORPHOTRY","price":102.1,"threshold":102.89944698,"direction":"below","ingested_at":9897.602536792,"emitted_at":9897.603300397,"latency_ms":0.764}
{"alert_id":123,"customer_id":"customer_77","symbol":"ATUSDT","price":0.1702,"threshold":0.17010472,"direction":"above","ingested_at":9897.602536792,"emitted_at":9897.603466471,"latency_ms":0.93}
{"alert_id":124,"customer_id":"customer_421","symbol":"METISUSDT","price":3.64,"threshold":3.63615693,"direction":"above","ingested_at":9897.602536792,"emitted_at":9897.603515597,"latency_ms":0.979}
{"alert_id":125,"customer_id":"customer_439","symbol":"NEARU","price":1.281,"threshold":1.27673185,"direction":"above","ingested_at":9897.602536792,"emitted_at":9897.603560539,"latency_ms":1.024}
{"alert_id":126,"customer_id":"customer_460","symbol":"NOTUSDT","price":0.000486,"threshold":0.00048655,"direction":"below","ingested_at":9897.602536792,"emitted_at":9897.603587918,"latency_ms":1.051}
{"alert_id":127,"customer_id":"customer_61","symbol":"ARKMUSDC","price":0.1218,"threshold":0.12161132,"direction":"above","ingested_at":9897.602536792,"emitted_at":9897.603607088,"latency_ms":1.07}
{"alert_id":128,"customer_id":"customer_34","symbol":"ALCXUSDT","price":5.31,"threshold":5.31599549,"direction":"below","ingested_at":9897.602536792,"emitted_at":9897.603635045,"latency_ms":1.098}
{"alert_id":129,"customer_id":"customer_325","symbol":"HBARUSDC","price":0.08978,"threshold":0.08972617,"direction":"above","ingested_at":9897.602536792,"emitted_at":9897.603653769,"latency_ms":1.117}
{"alert_id":130,"customer_id":"customer_474","symbol":"OPUSDT","price":0.1273,"threshold":0.12733938,"direction":"below","ingested_at":9898.601266148,"emitted_at":9898.601652046,"latency_ms":0.386}
{"alert_id":131,"customer_id":"customer_341","symbol":"HYPERTRY","price":5.08,"threshold":5.07535921,"direction":"above","ingested_at":9898.601266148,"emitted_at":9898.601783637,"latency_ms":0.517}
{"alert_id":132,"customer_id":"customer_90","symbol":"AWEUSDT","price":0.05641,"threshold":0.05641373,"direction":"below","ingested_at":9898.601266148,"emitted_at":9898.601813173,"latency_ms":0.547}
{"alert_id":133,"customer_id":"customer_387","symbol":"LINEAUSDC","price":0.003581,"threshold":0.00357956,"direction":"above","ingested_at":9898.601266148,"emitted_at":9898.601839796,"latency_ms":0.574}
{"alert_id":134,"customer_id":"customer_337","symbol":"HOLOUSDT","price":0.0656,"threshold":0.06557245,"direction":"above","ingested_at":9898.601266148,"emitted_at":9898.601853841,"latency_ms":0.588}
{"alert_id":135,"customer_id":"customer_39","symbol":"ALLOTRY","price":5.33,"threshold":5.31579605,"direction":"above","ingested_at":9898.601266148,"emitted_at":9898.60187306,"latency_ms":0.607}
{"alert_id":136,"customer_id":"customer_393","symbol":"LPTUSDT","price":2.169,"threshold":2.16769836,"direction":"above","ingested_at":9898.601266148,"emitted_at":9898.601899441,"latency_ms":0.633}
{"alert_id":137,"customer_id":"customer_472","symbol":"OPNUSDT","price":0.1819,"threshold":0.18213669,"direction":"below","ingested_at":9898.601266148,"emitted_at":9898.601921681,"latency_ms":0.656}
{"alert_id":138,"customer_id":"customer_175","symbol":"CGPTUSDT","price":0.02703,"threshold":0.02701761,"direction":"above","ingested_at":9898.601266148,"emitted_at":9898.602085701,"latency_ms":0.82}
{"alert_id":139,"customer_id":"customer_310","symbol":"GMTUSDT","price":0.01077,"threshold":0.01077345,"direction":"below","ingested_at":9898.601266148,"emitted_at":9898.602107886,"latency_ms":0.842}
{"alert_id":140,"customer_id":"customer_125","symbol":"BNBETH","price":0.2657,"threshold":0.26553477,"direction":"above","ingested_at":9899.603730405,"emitted_at":9899.604208718,"latency_ms":0.478}
{"alert_id":141,"customer_id":"customer_320","symbol":"GUNUSDT","price":0.01461,"threshold":0.01461014,"direction":"below","ingested_at":9899.603730405,"emitted_at":9899.604346748,"latency_ms":0.616}
{"alert_id":142,"customer_id":"customer_464","symbol":"ONDOTRY","price":14.36,"threshold":14.37986695,"direction":"below","ingested_at":9899.603730405,"emitted_at":9899.604377582,"latency_ms":0.647}
{"alert_id":143,"customer_id":"customer_123","symbol":"BNBBRL","price":3101.0,"threshold":3098.13150407,"direction":"above","ingested_at":9899.603730405,"emitted_at":9899.604407045,"latency_ms":0.677}
{"alert_id":144,"customer_id":"customer_498","symbol":"PEPETRY","price":0.00018404,"threshold":0.00018409,"direction":"below","ingested_at":9899.603730405,"emitted_at":9899.60442985,"latency_ms":0.699}
{"alert_id":145,"customer_id":"customer_142","symbol":"BONKUSDT","price":0.00000643,"threshold":0.00000643,"direction":"below","ingested_at":9899.603730405,"emitted_at":9899.604460033,"latency_ms":0.73}
{"alert_id":146,"customer_id":"customer_58","symbol":"ARBUSDC","price":0.1189,"threshold":0.11891252,"direction":"below","ingested_at":9899.603730405,"emitted_at":9899.604495201,"latency_ms":0.765}
{"alert_id":147,"customer_id":"customer_216","symbol":"DOGEUSD1","price":0.11211,"threshold":0.11211432,"direction":"below","ingested_at":9899.603730405,"emitted_at":9899.604519166,"latency_ms":0.789}
{"alert_id":148,"customer_id":"customer_75","symbol":"ATOMUSDC","price":1.849,"threshold":1.84894586,"direction":"above","ingested_at":9899.603730405,"emitted_at":9899.604538265,"latency_ms":0.808}
{"alert_id":149,"customer_id":"customer_375","symbol":"KAVAUSDT","price":0.06279,"threshold":0.06274649,"direction":"above","ingested_at":9899.603730405,"emitted_at":9899.604573572,"latency_ms":0.843}
{"alert_id":150,"customer_id":"customer_359","symbol":"IOUSDT","price":0.1179,"threshold":0.11777122,"direction":"above","ingested_at":9899.603730405,"emitted_at":9899.604589003,"latency_ms":0.859}
{"alert_id":151,"customer_id":"customer_148","symbol":"BTCEUR","price":69487.79,"threshold":69488.96113965,"direction":"below","ingested_at":9899.603730405,"emitted_at":9899.604606291,"latency_ms":0.876}
{"alert_id":152,"customer_id":"customer_415","symbol":"MBLUSDT","price":0.000931,"threshold":0.00093037,"direction":"above","ingested_at":9899.603730405,"emitted_at":9899.604626854,"latency_ms":0.896}
{"alert_id":153,"customer_id":"customer_334","symbol":"HMSTRUSDT","price":0.0001687,"threshold":0.00016872,"direction":"below","ingested_at":9899.603730405,"emitted_at":9899.604645016,"latency_ms":0.915}
{"alert_id":154,"customer_id":"customer_244","symbol":"EIGENTRY","price":8.43,"threshold":8.43219541,"direction":"below","ingested_at":9899.603730405,"emitted_at":9899.604660141,"latency_ms":0.93}
{"alert_id":155,"customer_id":"customer_402","symbol":"LUNATRY","price":3.469,"threshold":3.47155884,"direction":"below","ingested_at":9899.603730405,"emitted_at":9899.604679262,"latency_ms":0.949}
{"alert_id":156,"customer_id":"customer_33","symbol":"AIXBTUSDT","price":0.0344,"threshold":0.03437445,"direction":"above","ingested_at":9899.603730405,"emitted_at":9899.604703507,"latency_ms":0.973}
{"alert_id":157,"customer_id":"customer_315","symbol":"GPSUSDT","price":0.008,"threshold":0.00799329,"direction":"above","ingested_at":9900.607641786,"emitted_at":9900.608421232,"latency_ms":0.779}
{"alert_id":158,"customer_id":"customer_314","symbol":"GPSUSDC","price":0.008,"threshold":0.00800082,"direction":"below","ingested_at":9900.607641786,"emitted_at":9900.608537686,"latency_ms":0.896}
{"alert_id":159,"customer_id":"customer_258","symbol":"EPICUSDT","price":0.341,"threshold":0.341485,"direction":"below","ingested_at":9900.607641786,"emitted_at":9900.608562748,"latency_ms":0.921}
{"alert_id":160,"customer_id":"customer_273","symbol":"ETHPLN","price":8617.0,"threshold":8616.69232096,"direction":"above","ingested_at":9900.607641786,"emitted_at":9900.608595616,"latency_ms":0.954}
{"alert_id":161,"customer_id":"customer_287","symbol":"FETTRY","price":9.74,"threshold":9.72059427,"direction":"above","ingested_at":9900.607641786,"emitted_at":9900.608611002,"latency_ms":0.969}
{"alert_id":162,"customer_id":"customer_327","symbol":"HEMITRY","price":0.3486,"threshold":0.34845899,"direction":"above","ingested_at":9900.607641786,"emitted_at":9900.608650685,"latency_ms":1.009}
{"alert_id":163,"customer_id":"customer_279","symbol":"EULUSDT","price":1.406,"threshold":1.40579001,"direction":"above","ingested_at":9900.607641786,"emitted_at":9900.608667462,"latency_ms":1.026}
{"alert_id":164,"customer_id":"customer_277","symbol":"ETHUSDC","price":2373.7,"threshold":2373.67271473,"direction":"above","ingested_at":9900.607641786,"emitted_at":9900.608691964,"latency_ms":1.05}
{"alert_id":165,"customer_id":"customer_77","symbol":"ATUSDT","price":0.1702,"threshold":0.17010472,"direction":"above","ingested_at":9900.607641786,"emitted_at":9900.608707631,"latency_ms":1.066}
{"alert_id":166,"customer_id":"customer_119","symbol":"BLURUSDC","price":0.02802,"threshold":0.02798118,"direction":"above","ingested_at":9900.607641786,"emitted_at":9900.608742487,"latency_ms":1.101}
{"alert_id":167,"customer_id":"customer_263","symbol":"ESPUSDC","price":0.07,"threshold":0.06998938,"direction":"above","ingested_at":9900.607641786,"emitted_at":9900.608774087,"latency_ms":1.132}
{"alert_id":168,"customer_id":"customer_372","symbol":"KATTRY","price":0.4257,"threshold":0.42583788,"direction":"below","ingested_at":9900.607641786,"emitted_at":9900.608799261,"latency_ms":1.157}
{"alert_id":169,"customer_id":"customer_329","symbol":"HIGHTRY","price":9.5,"threshold":9.49306419,"direction":"above","ingested_at":9900.607641786,"emitted_at":9900.608830306,"latency_ms":1.189}
{"alert_id":170,"customer_id":"customer_167","symbol":"CATIUSDT","price":0.0602,"threshold":0.06019218,"direction":"above","ingested_at":9900.607641786,"emitted_at":9900.608852583,"latency_ms":1.211}
{"alert_id":171,"customer_id":"customer_243","symbol":"EIGENFDUSD","price":0.1869,"threshold":0.18663905,"direction":"above","ingested_at":9900.607641786,"emitted_at":9900.60886781,"latency_ms":1.226}
{"alert_id":172,"customer_id":"customer_245","symbol":"EIGENUSDC","price":0.1868,"threshold":0.18652816,"direction":"above","ingested_at":9900.607641786,"emitted_at":9900.608886083,"latency_ms":1.244}
{"alert_id":173,"customer_id":"customer_475","symbol":"ORCATRY","price":76.3,"threshold":76.20443633,"direction":"above","ingested_at":9900.607641786,"emitted_at":9900.608900901,"latency_ms":1.259}
{"alert_id":174,"customer_id":"customer_209","symbol":"DIAUSDT","price":0.1913,"threshold":0.19121686,"direction":"above","ingested_at":9901.649530843,"emitted_at":9901.649743485,"latency_ms":0.213}
{"alert_id":175,"customer_id":"customer_483","symbol":"PARTIFDUSD","price":0.0513,"threshold":0.05126514,"direction":"above","ingested_at":9901.649530843,"emitted_at":9901.6498236,"latency_ms":0.293}
{"alert_id":176,"customer_id":"customer_342","symbol":"HYPERUSDT","price":0.1121,"threshold":0.11214104,"direction":"below","ingested_at":9901.649530843,"emitted_at":9901.649841593,"latency_ms":0.311}
{"alert_id":177,"customer_id":"customer_253","symbol":"ENJUSDC","price":0.04976,"threshold":0.04973951,"direction":"above","ingested_at":9901.649530843,"emitted_at":9901.649853191,"latency_ms":0.322}
{"alert_id":178,"customer_id":"customer_62","symbol":"ARKMUSDT","price":0.1216,"threshold":0.12163323,"direction":"below","ingested_at":9901.649530843,"emitted_at":9901.649867737,"latency_ms":0.337}
{"alert_id":179,"customer_id":"customer_73","symbol":"ATOMFDUSD","price":1.849,"threshold":1.84805541,"direction":"above","ingested_at":9901.649530843,"emitted_at":9901.649877428,"latency_ms":0.347}
{"alert_id":180,"customer_id":"customer_456","symbol":"NOMTRY","price":0.111,"threshold":0.11166345,"direction":"below","ingested_at":9901.649530843,"emitted_at":9901.649884826,"latency_ms":0.354}
{"alert_id":181,"customer_id":"customer_479","symbol":"ORDIUSDC","price":5.124,"threshold":5.11928575,"direction":"above","ingested_at":9901.649530843,"emitted_at":9901.649901929,"latency_ms":0.371}
{"alert_id":182,"customer_id":"customer_401","symbol":"LUMIAUSDT","price":0.1381,"threshold":0.13797981,"direction":"above","ingested_at":9901.649530843,"emitted_at":9901.649932839,"latency_ms":0.402}
{"alert_id":183,"customer_id":"customer_193","symbol":"COWUSDT","price":0.1898,"threshold":0.1897516,"direction":"above","ingested_at":9901.649530843,"emitted_at":9901.649940307,"latency_ms":0.409}
{"alert_id":184,"customer_id":"customer_208","symbol":"DGBUSDT","price":0.00389,"threshold":0.00389794,"direction":"below","ingested_at":9901.649530843,"emitted_at":9901.649948258,"latency_ms":0.417}
{"alert_id":185,"customer_id":"customer_3","symbol":"1000CHEEMSUSDT","price":0.000639,"threshold":0.00063805,"direction":"above","ingested_at":9901.649530843,"emitted_at":9901.649956257,"latency_ms":0.425}
{"alert_id":186,"customer_id":"customer_83","symbol":"AVAXBTC","price":0.0001154,"threshold":0.00011533,"direction":"above","ingested_at":9902.63346828,"emitted_at":9902.633902873,"latency_ms":0.435}
{"alert_id":187,"customer_id":"customer_118","symbol":"BLURTRY","price":1.265,"threshold":1.26518275,"direction":"below","ingested_at":9902.63346828,"emitted_at":9902.634137906,"latency_ms":0.67}
{"alert_id":188,"customer_id":"customer_237","symbol":"DYMTRY","price":0.896,"threshold":0.89529952,"direction":"above","ingested_at":9902.63346828,"emitted_at":9902.634193297,"latency_ms":0.725}
{"alert_id":189,"customer_id":"customer_70","symbol":"ASTRUSDT","price":0.008611,"threshold":0.0086131,"direction":"below","ingested_at":9902.63346828,"emitted_at":9902.634259684,"latency_ms":0.791}
{"alert_id":190,"customer_id":"customer_484","symbol":"PARTIUSDC","price":0.0512,"threshold":0.05122519,"direction":"below","ingested_at":9903.60779295,"emitted_at":9903.60802266,"latency_ms":0.23}
{"alert_id":191,"customer_id":"customer_482","symbol":"PARTIBNB","price":0.00008117,"threshold":0.00008129,"direction":"below","ingested_at":9903.60779295,"emitted_at":9903.608226051,"latency_ms":0.433}
{"alert_id":192,"customer_id":"customer_426","symbol":"MINAUSDC","price":0.0627,"threshold":0.06273917,"direction":"below","ingested_at":9903.60779295,"emitted_at":9903.608355834,"latency_ms":0.563}
{"alert_id":193,"customer_id":"customer_403","symbol":"LUNAUSDC","price":0.0768,"threshold":0.0767128,"direction":"above","ingested_at":9903.60779295,"emitted_at":9903.608399337,"latency_ms":0.606}
{"alert_id":194,"customer_id":"customer_205","symbol":"DASHUSDT","price":46.13,"threshold":46.11008762,"direction":"above","ingested_at":9903.60779295,"emitted_at":9903.608433587,"latency_ms":0.641}
{"alert_id":195,"customer_id":"customer_442","symbol":"NEIROTRY","price":0.00454,"threshold":0.00454809,"direction":"below","ingested_at":9903.60779295,"emitted_at":9903.608507578,"latency_ms":0.715}
{"alert_id":196,"customer_id":"customer_179","symbol":"CHRUSDT","price":0.02791,"threshold":0.02789658,"direction":"above","ingested_at":9903.60779295,"emitted_at":9903.608538806,"latency_ms":0.746}
{"alert_id":197,"customer_id":"customer_33","symbol":"AIXBTUSDT","price":0.0344,"threshold":0.03437445,"direction":"above","ingested_at":9903.60779295,"emitted_at":9903.608583372,"latency_ms":0.79}
{"alert_id":198,"customer_id":"customer_162","symbol":"BTTCUSDT","price":0.00000032,"threshold":0.00000033,"direction":"below","ingested_at":9903.60779295,"emitted_at":9903.608610333,"latency_ms":0.817}
{"alert_id":199,"customer_id":"customer_306","symbol":"GIGGLEUSDC","price":35.03,"threshold":35.09574818,"direction":"below","ingested_at":9904.61806345,"emitted_at":9904.618449052,"latency_ms":0.386}
{"alert_id":200,"customer_id":"customer_282","symbol":"EURUSDC","price":1.1699,"threshold":1.1699557,"direction":"below","ingested_at":9904.61806345,"emitted_at":9904.618625859,"latency_ms":0.562}
{"alert_id":201,"customer_id":"customer_191","symbol":"COTIUSDT","price":0.01405,"threshold":0.01404345,"direction":"above","ingested_at":9904.61806345,"emitted_at":9904.618677362,"latency_ms":0.614}
{"alert_id":202,"customer_id":"customer_447","symbol":"NEWTUSDT","price":0.0755,"threshold":0.07544745,"direction":"above","ingested_at":9905.602517588,"emitted_at":9905.603181256,"latency_ms":0.664}
{"alert_id":203,"customer_id":"customer_16","symbol":"ACEUSDT","price":0.126,"threshold":0.12675949,"direction":"below","ingested_at":9905.602517588,"emitted_at":9905.603331737,"latency_ms":0.814}
{"alert_id":204,"customer_id":"customer_370","symbol":"KAITOTRY","price":21.997,"threshold":22.06193833,"direction":"below","ingested_at":9905.602517588,"emitted_at":9905.603434391,"latency_ms":0.917}
{"alert_id":205,"customer_id":"customer_49","symbol":"APETRY","price":7.44,"threshold":7.3784204,"direction":"above","ingested_at":9906.615808074,"emitted_at":9906.616538761,"latency_ms":0.731}
{"alert_id":206,"customer_id":"customer_199","symbol":"CUSDC","price":0.0808,"threshold":0.08073445,"direction":"above","ingested_at":9906.615808074,"emitted_at":9906.616936619,"latency_ms":1.129}
{"alert_id":207,"customer_id":"customer_492","symbol":"PENDLEUSDT","price":1.989,"threshold":1.98901012,"direction":"below","ingested_at":9906.615808074,"emitted_at":9906.617022461,"latency_ms":1.214}
{"alert_id":208,"customer_id":"customer_141","symbol":"BONKTRY","price":0.0002909,"threshold":0.00029075,"direction":"above","ingested_at":9906.615808074,"emitted_at":9906.617061899,"latency_ms":1.254}
{"alert_id":209,"customer_id":"customer_151","symbol":"BTCIDR","price":1415040746.0,"threshold":1414287112.1713333,"direction":"above","ingested_at":9906.615808074,"emitted_at":9906.617099811,"latency_ms":1.292}
{"alert_id":210,"customer_id":"customer_203","symbol":"DASHTRY","price":2085.0,"threshold":2082.9083003,"direction":"above","ingested_at":9906.615808074,"emitted_at":9906.617138374,"latency_ms":1.33}
{"alert_id":211,"customer_id":"customer_490","symbol":"PENDLETRY","price":89.9,"threshold":89.97979145,"direction":"below","ingested_at":9906.615808074,"emitted_at":9906.617173442,"latency_ms":1.365}
{"alert_id":212,"customer_id":"customer_275","symbol":"ETHU","price":2373.98,"threshold":2373.51665416,"direction":"above","ingested_at":9906.615808074,"emitted_at":9906.61720144,"latency_ms":1.393}
{"alert_id":213,"customer_id":"customer_251","symbol":"ENAUSDT","price":0.1114,"threshold":0.11130111,"direction":"above","ingested_at":9906.615808074,"emitted_at":9906.61722799,"latency_ms":1.42}
{"alert_id":214,"customer_id":"customer_418","symbol":"MEGAUSDT","price":0.12616,"threshold":0.12617463,"direction":"below","ingested_at":9906.615808074,"emitted_at":9906.617254951,"latency_ms":1.447}
{"alert_id":215,"customer_id":"customer_161","symbol":"BTTCTRY","price":0.00001465,"threshold":0.00001465,"direction":"above","ingested_at":9906.615808074,"emitted_at":9906.617304277,"latency_ms":1.496}
{"alert_id":216,"customer_id":"customer_307","symbol":"GIGGLEUSDT","price":35.03,"threshold":35.02034298,"direction":"above","ingested_at":9907.603272378,"emitted_at":9907.603596739,"latency_ms":0.324}
{"alert_id":217,"customer_id":"customer_204","symbol":"DASHUSDC","price":46.09,"threshold":46.1692252,"direction":"below","ingested_at":9907.603272378,"emitted_at":9907.603712899,"latency_ms":0.441}
{"alert_id":218,"customer_id":"customer_24","symbol":"ADAJPY","price":40.49,"threshold":40.49275316,"direction":"below","ingested_at":9907.603272378,"emitted_at":9907.603760404,"latency_ms":0.488}
{"alert_id":219,"customer_id":"customer_380","symbol":"KMNOUSDC","price":0.0203,"threshold":0.02030634,"direction":"below","ingested_at":9909.601650599,"emitted_at":9909.602366252,"latency_ms":0.716}
{"alert_id":220,"customer_id":"customer_271","symbol":"ETHFIUSDT","price":0.426,"threshold":0.42523924,"direction":"above","ingested_at":9909.601650599,"emitted_at":9909.602581931,"latency_ms":0.931}
{"alert_id":221,"customer_id":"customer_304","symbol":"GALAUSDT","price":0.0033,"threshold":0.00330298,"direction":"below","ingested_at":9909.601650599,"emitted_at":9909.602616672,"latency_ms":0.966}
{"alert_id":222,"customer_id":"customer_2","symbol":"1000CATUSDT","price":0.00206,"threshold":0.00206618,"direction":"below","ingested_at":9909.601650599,"emitted_at":9909.602657196,"latency_ms":1.007}
{"alert_id":223,"customer_id":"customer_500","symbol":"PEPEUSDT","price":0.00000407,"threshold":0.00000407,"direction":"below","ingested_at":9910.604500401,"emitted_at":9910.604650123,"latency_ms":0.15}
{"alert_id":224,"customer_id":"customer_386","symbol":"LINEATRY","price":0.1616,"threshold":0.16171194,"direction":"below","ingested_at":9910.604500401,"emitted_at":9910.604723711,"latency_ms":0.223}
{"alert_id":225,"customer_id":"customer_127","symbol":"BNBFDUSD","price":631.1,"threshold":630.54963598,"direction":"above","ingested_at":9910.604500401,"emitted_at":9910.604734533,"latency_ms":0.234}
{"alert_id":226,"customer_id":"customer_136","symbol":"BNSOLUSDT","price":94.8,"threshold":94.84035824,"direction":"below","ingested_at":9910.604500401,"emitted_at":9910.604759443,"latency_ms":0.259}
{"alert_id":227,"customer_id":"customer_415","symbol":"MBLUSDT","price":0.000931,"threshold":0.00093037,"direction":"above","ingested_at":9911.602508396,"emitted_at":9911.602833037,"latency_ms":0.325}
{"alert_id":228,"customer_id":"customer_6","symbol":"1000SATSUSDT","price":0.00001497,"threshold":0.00001497,"direction":"below","ingested_at":9912.604352489,"emitted_at":9912.604515109,"latency_ms":0.163}
{"alert_id":229,"customer_id":"customer_106","symbol":"BBUSDC","price":0.0328,"threshold":0.03284426,"direction":"below","ingested_at":9912.604352489,"emitted_at":9912.604611865,"latency_ms":0.259}
{"alert_id":230,"customer_id":"customer_301","symbol":"FORMUSDT","price":0.2939,"threshold":0.29366757,"direction":"above","ingested_at":9913.605054076,"emitted_at":9913.605429662,"latency_ms":0.376}
{"alert_id":231,"customer_id":"customer_120","symbol":"BLURUSDT","price":0.02802,"threshold":0.0280228,"direction":"below","ingested_at":9913.605054076,"emitted_at":9913.605587515,"latency_ms":0.533}
{"alert_id":232,"customer_id":"customer_277","symbol":"ETHUSDC","price":2373.95,"threshold":2373.67271473,"direction":"above","ingested_at":9913.605054076,"emitted_at":9913.605612659,"latency_ms":0.559}
{"alert_id":233,"customer_id":"customer_157","symbol":"BTCUSD","price":81290.49,"threshold":81269.70884272,"direction":"above","ingested_at":9913.605054076,"emitted_at":9913.605631342,"latency_ms":0.577}
{"alert_id":234,"customer_id":"customer_30","symbol":"AEVOTRY","price":1.25,"threshold":1.25322694,"direction":"below","ingested_at":9913.605054076,"emitted_at":9913.605659744,"latency_ms":0.606}
{"alert_id":235,"customer_id":"customer_491","symbol":"PENDLEUSDC","price":1.992,"threshold":1.99029563,"direction":"above","ingested_at":9913.605054076,"emitted_at":9913.605676609,"latency_ms":0.623}
{"alert_id":236,"customer_id":"customer_13","symbol":"AAVEUSDC","price":93.32,"threshold":93.31278347,"direction":"above","ingested_at":9913.605054076,"emitted_at":9913.605710429,"latency_ms":0.656}
{"alert_id":237,"customer_id":"customer_415","symbol":"MBLUSDT","price":0.000931,"threshold":0.00093037,"direction":"above","ingested_at":9913.605054076,"emitted_at":9913.605723972,"latency_ms":0.67}
{"alert_id":238,"customer_id":"customer_353","symbol":"INJUSDC","price":3.76,"threshold":3.75666014,"direction":"above","ingested_at":9914.613917932,"emitted_at":9914.614122644,"latency_ms":0.205}
{"alert_id":239,"customer_id":"customer_390","symbol":"LINKUSDC","price":9.7,"threshold":9.70584992,"direction":"below","ingested_at":9914.613917932,"emitted_at":9914.614321361,"latency_ms":0.403}
{"alert_id":240,"customer_id":"customer_217","symbol":"DOGEUSDC","price":0.11216,"threshold":0.11213606,"direction":"above","ingested_at":9914.613917932,"emitted_at":9914.614349552,"latency_ms":0.432}
{"alert_id":241,"customer_id":"customer_357","symbol":"IOTRY","price":5.331,"threshold":5.32596172,"direction":"above","ingested_at":9914.613917932,"emitted_at":9914.614364229,"latency_ms":0.446}
{"alert_id":242,"customer_id":"customer_362","symbol":"JOEUSDT","price":0.0472,"threshold":0.04724501,"direction":"below","ingested_at":9914.613917932,"emitted_at":9914.614375059,"latency_ms":0.457}
{"alert_id":243,"customer_id":"customer_1","symbol":"0GUSDT","price":0.538,"threshold":0.53752338,"direction":"above","ingested_at":9915.602472646,"emitted_at":9915.60283062,"latency_ms":0.358}
{"alert_id":244,"customer_id":"customer_410","symbol":"MANTAUSDT","price":0.06692,"threshold":0.06694323,"direction":"below","ingested_at":9915.602472646,"emitted_at":9915.602969576,"latency_ms":0.497}
{"alert_id":245,"customer_id":"customer_276","symbol":"ETHUSD1","price":2373.81,"threshold":2373.88786704,"direction":"below","ingested_at":9915.602472646,"emitted_at":9915.602996558,"latency_ms":0.524}
{"alert_id":246,"customer_id":"customer_251","symbol":"ENAUSDT","price":0.1115,"threshold":0.11130111,"direction":"above","ingested_at":9915.602472646,"emitted_at":9915.60304889,"latency_ms":0.576}
{"alert_id":247,"customer_id":"customer_226","symbol":"DOTBTC","price":0.00001557,"threshold":0.00001558,"direction":"below","ingested_at":9915.602472646,"emitted_at":9915.603090623,"latency_ms":0.618}
{"alert_id":248,"customer_id":"customer_99","symbol":"BANANAS31USDC","price":0.011328,"threshold":0.01119807,"direction":"above","ingested_at":9916.601052689,"emitted_at":9916.601287958,"latency_ms":0.235}
{"alert_id":249,"customer_id":"customer_307","symbol":"GIGGLEUSDT","price":35.03,"threshold":35.02034298,"direction":"above","ingested_at":9916.601052689,"emitted_at":9916.601416228,"latency_ms":0.364}
{"alert_id":250,"customer_id":"customer_142","symbol":"BONKUSDT","price":0.00000643,"threshold":0.00000643,"direction":"below","ingested_at":9916.601052689,"emitted_at":9916.60143934,"latency_ms":0.387}
{"alert_id":251,"customer_id":"customer_193","symbol":"COWUSDT","price":0.1898,"threshold":0.1897516,"direction":"above","ingested_at":9916.601052689,"emitted_at":9916.601474018,"latency_ms":0.421}
{"alert_id":252,"customer_id":"customer_78","symbol":"AUDIOTRY","price":0.9182,"threshold":0.91928783,"direction":"below","ingested_at":9917.606403564,"emitted_at":9917.606647386,"latency_ms":0.244}
{"alert_id":253,"customer_id":"customer_69","symbol":"ASTERUSDT","price":0.676,"threshold":0.67541902,"direction":"above","ingested_at":9917.606403564,"emitted_at":9917.606794855,"latency_ms":0.391}
{"alert_id":254,"customer_id":"customer_143","symbol":"BREVUSDT","price":0.1195,"threshold":0.11942188,"direction":"above","ingested_at":9917.606403564,"emitted_at":9917.606831999,"latency_ms":0.428}
{"alert_id":255,"customer_id":"customer_59","symbol":"ARBUSDT","price":0.119,"threshold":0.11894307,"direction":"above","ingested_at":9918.600884281,"emitted_at":9918.601154207,"latency_ms":0.27}
{"alert_id":256,"customer_id":"customer_27","symbol":"ADAUSDT","price":0.2567,"threshold":0.25668934,"direction":"above","ingested_at":9918.600884281,"emitted_at":9918.601272906,"latency_ms":0.389}
{"alert_id":257,"customer_id":"customer_480","symbol":"ORDIUSDT","price":5.125,"threshold":5.12566835,"direction":"below","ingested_at":9918.600884281,"emitted_at":9918.601302972,"latency_ms":0.419}
{"alert_id":258,"customer_id":"customer_451","symbol":"NFPUSDT","price":0.01285,"threshold":0.01284408,"direction":"above","ingested_at":9918.600884281,"emitted_at":9918.601326739,"latency_ms":0.442}
{"alert_id":259,"customer_id":"customer_158","symbol":"BTCUSD1","price":81317.17,"threshold":81317.77014851,"direction":"below","ingested_at":9918.600884281,"emitted_at":9918.601344258,"latency_ms":0.46}
{"alert_id":260,"customer_id":"customer_137","symbol":"BOMETRY","price":0.0263,"threshold":0.02625526,"direction":"above","ingested_at":9918.600884281,"emitted_at":9918.601370791,"latency_ms":0.487}
{"alert_id":261,"customer_id":"customer_139","symbol":"BOMEUSDT","price":0.000582,"threshold":0.00058136,"direction":"above","ingested_at":9918.600884281,"emitted_at":9918.601383483,"latency_ms":0.499}
{"alert_id":262,"customer_id":"customer_395","symbol":"LTCBTC","price":0.000685,"threshold":0.00068429,"direction":"above","ingested_at":9919.607926838,"emitted_at":9919.608236958,"latency_ms":0.31}
{"alert_id":263,"customer_id":"customer_197","symbol":"CTRY","price":3.655,"threshold":3.6537598,"direction":"above","ingested_at":9919.607926838,"emitted_at":9919.608399975,"latency_ms":0.473}
{"alert_id":264,"customer_id":"customer_305","symbol":"GIGGLETRY","price":1584.0,"threshold":1583.81597002,"direction":"above","ingested_at":9919.607926838,"emitted_at":9919.608437832,"latency_ms":0.511}
{"alert_id":265,"customer_id":"customer_450","symbol":"NFPTRY","price":0.5799,"threshold":0.58045505,"direction":"below","ingested_at":9919.607926838,"emitted_at":9919.608463804,"latency_ms":0.537}
{"alert_id":266,"customer_id":"customer_85","symbol":"AVAXU","price":9.39,"threshold":9.37871917,"direction":"above","ingested_at":9919.607926838,"emitted_at":9919.608495794,"latency_ms":0.569}
{"alert_id":267,"customer_id":"customer_415","symbol":"MBLUSDT","price":0.000931,"threshold":0.00093037,"direction":"above","ingested_at":9919.607926838,"emitted_at":9919.608524181,"latency_ms":0.597}
{"alert_id":268,"customer_id":"customer_116","symbol":"BIOUSDC","price":0.0523,"threshold":0.05239352,"direction":"below","ingested_at":9919.607926838,"emitted_at":9919.608542215,"latency_ms":0.615}
{"alert_id":269,"customer_id":"customer_242","symbol":"EGLDUSDT","price":4.1,"threshold":4.10321386,"direction":"below","ingested_at":9920.60269232,"emitted_at":9920.603049323,"latency_ms":0.357}
{"alert_id":270,"customer_id":"customer_100","symbol":"BANANAS31USDT","price":0.011216,"threshold":0.01126896,"direction":"below","ingested_at":9920.60269232,"emitted_at":9920.603173017,"latency_ms":0.481}
{"alert_id":271,"customer_id":"customer_54","symbol":"APTBTC","price":0.00001188,"threshold":0.00001189,"direction":"below","ingested_at":9920.60269232,"emitted_at":9920.603208393,"latency_ms":0.516}
{"alert_id":272,"customer_id":"customer_41","symbol":"ALLOUSDT","price":0.1178,"threshold":0.11768629,"direction":"above","ingested_at":9920.60269232,"emitted_at":9920.603243938,"latency_ms":0.552}
{"alert_id":273,"customer_id":"customer_201","symbol":"CVXUSDT","price":1.797,"threshold":1.79556755,"direction":"above","ingested_at":9920.60269232,"emitted_at":9920.603309901,"latency_ms":0.618}
{"alert_id":274,"customer_id":"customer_311","symbol":"GMXUSDT","price":7.27,"threshold":7.26718167,"direction":"above","ingested_at":9921.609999008,"emitted_at":9921.610518989,"latency_ms":0.52}
{"alert_id":275,"customer_id":"customer_275","symbol":"ETHU","price":2373.87,"threshold":2373.51665416,"direction":"above","ingested_at":9921.609999008,"emitted_at":9921.610687413,"latency_ms":0.688}
{"alert_id":276,"customer_id":"customer_416","symbol":"MEGATRY","price":5.7,"threshold":5.70137973,"direction":"below","ingested_at":9921.609999008,"emitted_at":9921.610733616,"latency_ms":0.735}
{"alert_id":277,"customer_id":"customer_179","symbol":"CHRUSDT","price":0.0279,"threshold":0.02789658,"direction":"above","ingested_at":9921.609999008,"emitted_at":9921.610779309,"latency_ms":0.78}
{"alert_id":278,"customer_id":"customer_276","symbol":"ETHUSD1","price":2373.71,"threshold":2373.88786704,"direction":"below","ingested_at":9922.609190988,"emitted_at":9922.609702439,"latency_ms":0.511}
{"alert_id":279,"customer_id":"customer_331","symbol":"HIVEUSDC","price":0.0754,"threshold":0.07534978,"direction":"above","ingested_at":9924.606471906,"emitted_at":9924.60702666,"latency_ms":0.555}
{"alert_id":280,"customer_id":"customer_467","symbol":"ONETRY","price":0.1047,"threshold":0.10434371,"direction":"above","ingested_at":9924.606471906,"emitted_at":9924.607171229,"latency_ms":0.699}
{"alert_id":281,"customer_id":"customer_35","symbol":"ALGOTRY","price":5.267,"threshold":5.26326143,"direction":"above","ingested_at":9925.609542166,"emitted_at":9925.609781703,"latency_ms":0.24}
{"alert_id":282,"customer_id":"customer_410","symbol":"MANTAUSDT","price":0.06691,"threshold":0.06694323,"direction":"below","ingested_at":9925.609542166,"emitted_at":9925.609920356,"latency_ms":0.378}
{"alert_id":283,"customer_id":"customer_129","symbol":"BNBJPY","price":99517.0,"threshold":99481.95557456,"direction":"above","ingested_at":9925.609542166,"emitted_at":9925.609948447,"latency_ms":0.406}
{"alert_id":284,"customer_id":"customer_107","symbol":"BBUSDT","price":0.0329,"threshold":0.03283198,"direction":"above","ingested_at":9925.609542166,"emitted_at":9925.609973956,"latency_ms":0.432}
{"alert_id":285,"customer_id":"customer_355","symbol":"IOSTUSDT","price":0.001078,"threshold":0.00107668,"direction":"above","ingested_at":9926.606703805,"emitted_at":9926.606886633,"latency_ms":0.183}
{"alert_id":286,"customer_id":"customer_497","symbol":"PEPEEUR","price":0.00000349,"threshold":0.00000348,"direction":"above","ingested_at":9926.606703805,"emitted_at":9926.606963748,"latency_ms":0.26}
{"alert_id":287,"customer_id":"customer_493","symbol":"PENGUTRY","price":0.5161,"threshold":0.51606053,"direction":"above","ingested_at":9926.606703805,"emitted_at":9926.606977737,"latency_ms":0.274}
{"alert_id":288,"customer_id":"customer_451","symbol":"NFPUSDT","price":0.01286,"threshold":0.01284408,"direction":"above","ingested_at":9927.606427509,"emitted_at":9927.606655651,"latency_ms":0.228}
{"alert_id":289,"customer_id":"customer_106","symbol":"BBUSDC","price":0.0328,"threshold":0.03284426,"direction":"below","ingested_at":9927.606427509,"emitted_at":9927.60678415,"latency_ms":0.357}
{"alert_id":290,"customer_id":"customer_145","symbol":"BROCCOLI714USDT","price":0.0185,"threshold":0.01849855,"direction":"above","ingested_at":9928.60704124,"emitted_at":9928.607149163,"latency_ms":0.108}
{"alert_id":291,"customer_id":"customer_98","symbol":"BABYUSDT","price":0.0182,"threshold":0.01820822,"direction":"below","ingested_at":9930.606403781,"emitted_at":9930.606636292,"latency_ms":0.233}
{"alert_id":292,"customer_id":"customer_96","symbol":"BABYTRY","price":0.822,"threshold":0.82258818,"direction":"below","ingested_at":9930.606403781,"emitted_at":9930.606791705,"latency_ms":0.388}
{"alert_id":293,"customer_id":"customer_492","symbol":"PENDLEUSDT","price":1.988,"threshold":1.98901012,"direction":"below","ingested_at":9930.606403781,"emitted_at":9930.606829681,"latency_ms":0.426}
{"alert_id":294,"customer_id":"customer_307","symbol":"GIGGLEUSDT","price":35.03,"threshold":35.02034298,"direction":"above","ingested_at":9930.606403781,"emitted_at":9930.606855112,"latency_ms":0.451}
{"alert_id":295,"customer_id":"customer_383","symbol":"LAUSDT","price":0.1383,"threshold":0.13824299,"direction":"above","ingested_at":9931.605034586,"emitted_at":9931.60538257,"latency_ms":0.348}
{"alert_id":296,"customer_id":"customer_405","symbol":"LUNCTRY","price":0.00534,"threshold":0.00532932,"direction":"above","ingested_at":9931.605034586,"emitted_at":9931.605540719,"latency_ms":0.506}
{"alert_id":297,"customer_id":"customer_449","symbol":"NEXOUSDT","price":0.908,"threshold":0.90737318,"direction":"above","ingested_at":9932.610524375,"emitted_at":9932.610938367,"latency_ms":0.414}
{"alert_id":298,"customer_id":"customer_448","symbol":"NEXOBTC","price":0.00001116,"threshold":0.00001116,"direction":"below","ingested_at":9932.610524375,"emitted_at":9932.611097529,"latency_ms":0.573}
{"alert_id":299,"customer_id":"customer_397","symbol":"LTCTRY","price":2516.0,"threshold":2513.13535709,"direction":"above","ingested_at":9932.610524375,"emitted_at":9932.611136738,"latency_ms":0.612}
{"alert_id":300,"customer_id":"customer_276","symbol":"ETHUSD1","price":2373.73,"threshold":2373.88786704,"direction":"below","ingested_at":9932.610524375,"emitted_at":9932.611174403,"latency_ms":0.65}
{"alert_id":301,"customer_id":"customer_223","symbol":"DOLOUSDC","price":0.03335,"threshold":0.03330394,"direction":"above","ingested_at":9933.611633593,"emitted_at":9933.612133428,"latency_ms":0.5}
{"alert_id":302,"customer_id":"customer_490","symbol":"PENDLETRY","price":89.9,"threshold":89.97979145,"direction":"below","ingested_at":9933.611633593,"emitted_at":9933.612322885,"latency_ms":0.689}
{"alert_id":303,"customer_id":"customer_333","symbol":"HMSTRTRY","price":0.00763,"threshold":0.00761819,"direction":"above","ingested_at":9933.611633593,"emitted_at":9933.612386361,"latency_ms":0.753}
{"alert_id":304,"customer_id":"customer_293","symbol":"FILFDUSD","price":0.952,"threshold":0.95152755,"direction":"above","ingested_at":9934.616920872,"emitted_at":9934.617284253,"latency_ms":0.363}
{"alert_id":305,"customer_id":"customer_343","symbol":"ICPBTC","price":0.0000307,"threshold":0.00003065,"direction":"above","ingested_at":9934.616920872,"emitted_at":9934.617410487,"latency_ms":0.49}
{"alert_id":306,"customer_id":"customer_196","symbol":"CRVUSDT","price":0.2395,"threshold":0.23950863,"direction":"below","ingested_at":9934.616920872,"emitted_at":9934.617466871,"latency_ms":0.546}
{"alert_id":307,"customer_id":"customer_471","symbol":"OPENUSDT","price":0.2059,"threshold":0.20581363,"direction":"above","ingested_at":9935.6209954,"emitted_at":9935.621140489,"latency_ms":0.145}
{"alert_id":308,"customer_id":"customer_195","symbol":"CRVUSDC","price":0.2396,"threshold":0.23953566,"direction":"above","ingested_at":9936.62685285,"emitted_at":9936.6271985,"latency_ms":0.346}
{"alert_id":309,"customer_id":"customer_391","symbol":"LINKUSDT","price":9.71,"threshold":9.70642198,"direction":"above","ingested_at":9937.61045539,"emitted_at":9937.610714974,"latency_ms":0.26}
{"alert_id":310,"customer_id":"customer_415","symbol":"MBLUSDT","price":0.000931,"threshold":0.00093037,"direction":"above","ingested_at":9937.61045539,"emitted_at":9937.610848458,"latency_ms":0.393}
{"alert_id":311,"customer_id":"customer_193","symbol":"COWUSDT","price":0.1901,"threshold":0.1897516,"direction":"above","ingested_at":9937.61045539,"emitted_at":9937.610870611,"latency_ms":0.415}
{"alert_id":312,"customer_id":"customer_114","symbol":"BERATRY","price":17.05,"threshold":17.05797022,"direction":"below","ingested_at":9937.61045539,"emitted_at":9937.61089376,"latency_ms":0.438}
{"alert_id":313,"customer_id":"customer_307","symbol":"GIGGLEUSDT","price":35.03,"threshold":35.02034298,"direction":"above","ingested_at":9938.607485719,"emitted_at":9938.607630724,"latency_ms":0.145}
{"alert_id":314,"customer_id":"customer_372","symbol":"KATTRY","price":0.4258,"threshold":0.42583788,"direction":"below","ingested_at":9938.607485719,"emitted_at":9938.60770762,"latency_ms":0.222}
{"alert_id":315,"customer_id":"customer_3","symbol":"1000CHEEMSUSDT","price":0.000639,"threshold":0.00063805,"direction":"above","ingested_at":9938.607485719,"emitted_at":9938.607726395,"latency_ms":0.241}
{"alert_id":316,"customer_id":"customer_381","symbol":"KMNOUSDT","price":0.0203,"threshold":0.02029408,"direction":"above","ingested_at":9939.608061439,"emitted_at":9939.608279116,"latency_ms":0.218}
{"alert_id":317,"customer_id":"customer_291","symbol":"FIDATRY","price":0.777,"threshold":0.7767117,"direction":"above","ingested_at":9939.608061439,"emitted_at":9939.608360932,"latency_ms":0.299}
